Component: ARM Compiler 6.15 Tool: armlink [5dd79300]

==============================================================================

Section Cross References

    drivemotor.o(.text.DriveMotor_init) refers to drivemotor.o(.text.DriveMotorA_enable) for DriveMotorA_enable
    drivemotor.o(.text.DriveMotor_init) refers to drivemotor.o(.text.DriveMotorB_enable) for DriveMotorB_enable
    drivemotor.o(.ARM.exidx.text.DriveMotor_init) refers to drivemotor.o(.text.DriveMotor_init) for [Anonymous Symbol]
    drivemotor.o(.ARM.exidx.text.DriveMotorA_enable) refers to drivemotor.o(.text.DriveMotorA_enable) for [Anonymous Symbol]
    drivemotor.o(.ARM.exidx.text.DriveMotorB_enable) refers to drivemotor.o(.text.DriveMotorB_enable) for [Anonymous Symbol]
    drivemotor.o(.ARM.exidx.text.DriveMotorB_set_duty_cycle) refers to drivemotor.o(.text.DriveMotorB_set_duty_cycle) for [Anonymous Symbol]
    drivemotor.o(.ARM.exidx.text.DriveMotorA_set_duty_cycle) refers to drivemotor.o(.text.DriveMotorA_set_duty_cycle) for [Anonymous Symbol]
    steering.o(.ARM.exidx.text.Steering_init) refers to steering.o(.text.Steering_init) for [Anonymous Symbol]
    steering.o(.ARM.exidx.text.set_duty_cycle) refers to steering.o(.text.set_duty_cycle) for [Anonymous Symbol]
    steering.o(.text.Steering_set_direction) refers to f2d.o(x$fpl$f2d) for __aeabi_f2d
    steering.o(.text.Steering_set_direction) refers to dmul.o(x$fpl$dmul) for __aeabi_dmul
    steering.o(.text.Steering_set_direction) refers to daddsub_clz.o(x$fpl$dadd) for __aeabi_dadd
    steering.o(.text.Steering_set_direction) refers to d2f.o(x$fpl$d2f) for __aeabi_d2f
    steering.o(.text.Steering_set_direction) refers to steering.o(.text.set_duty_cycle) for set_duty_cycle
    steering.o(.ARM.exidx.text.Steering_set_direction) refers to steering.o(.text.Steering_set_direction) for [Anonymous Symbol]
    main.o(.ARM.exidx.text.delay) refers to main.o(.text.delay) for [Anonymous Symbol]
    main.o(.text.main) refers to uart.o(.text.uart0_init) for uart0_init
    main.o(.text.main) refers to main.o(.rodata.str1.1) for .L.str
    main.o(.text.main) refers to uart.o(.text.uart0_put) for uart0_put
    main.o(.text.main) refers to drivemotor.o(.text.DriveMotor_init) for DriveMotor_init
    main.o(.text.main) refers to steering.o(.text.Steering_init) for Steering_init
    main.o(.text.main) refers to camera.o(.text.Camera_init) for Camera_init
    main.o(.text.main) refers to steering.o(.text.Steering_set_direction) for Steering_set_direction
    main.o(.text.main) refers to camera.o(.text.Camera_capture) for Camera_capture
    main.o(.text.main) refers to main.o(.text.delay) for delay
    main.o(.text.main) refers to drivemotor.o(.text.DriveMotorA_enable) for DriveMotorA_enable
    main.o(.text.main) refers to drivemotor.o(.text.DriveMotorB_enable) for DriveMotorB_enable
    main.o(.text.main) refers to drivemotor.o(.text.DriveMotorA_set_duty_cycle) for DriveMotorA_set_duty_cycle
    main.o(.text.main) refers to drivemotor.o(.text.DriveMotorB_set_duty_cycle) for DriveMotorB_set_duty_cycle
    main.o(.text.main) refers to switch.o(.text.Switch2_Init) for Switch2_Init
    main.o(.text.main) refers to switch.o(.text.Switch3_Init) for Switch3_Init
    main.o(.text.main) refers to leds.o(.text.LED_Init) for LED_Init
    main.o(.text.main) refers to switch.o(.text.Switch2_Pressed) for Switch2_Pressed
    main.o(.text.main) refers to switch.o(.text.Switch3_Pressed) for Switch3_Pressed
    main.o(.text.main) refers to main.o(.bss.main.mode) for main.mode
    main.o(.text.main) refers to leds.o(.text.LED_On) for LED_On
    main.o(.text.main) refers to main.o(.text.measure_camera) for measure_camera
    main.o(.text.main) refers to f2d.o(x$fpl$f2d) for __aeabi_f2d
    main.o(.text.main) refers to daddsub_clz.o(x$fpl$dadd) for __aeabi_dadd
    main.o(.text.main) refers to d2f.o(x$fpl$d2f) for __aeabi_d2f
    main.o(.text.main) refers to pid.o(.text.pid_iterate) for pid_iterate
    main.o(.text.main) refers to dcmp.o(x$fpl$fcmp) for __aeabi_dcmple
    main.o(.text.main) refers to daddsub_clz.o(x$fpl$dsub) for __aeabi_dsub
    main.o(.text.main) refers to dmul.o(x$fpl$dmul) for __aeabi_dmul
    main.o(.ARM.exidx.text.main) refers to main.o(.text.main) for [Anonymous Symbol]
    main.o(.text.measure_camera) refers to camera.o(.text.Camera_get_light_level) for Camera_get_light_level
    main.o(.text.measure_camera) refers to f2d.o(x$fpl$f2d) for __aeabi_f2d
    main.o(.text.measure_camera) refers to dcmp.o(x$fpl$fcmp) for __aeabi_dcmpge
    main.o(.ARM.exidx.text.measure_camera) refers to main.o(.text.measure_camera) for [Anonymous Symbol]
    camera.o(.text.ADC0_IRQHandler) refers to camera.o(.bss.ADC0VAL) for ADC0VAL
    camera.o(.ARM.exidx.text.ADC0_IRQHandler) refers to camera.o(.text.ADC0_IRQHandler) for [Anonymous Symbol]
    camera.o(.text.FTM2_IRQHandler) refers to camera.o(.bss.clkval) for clkval
    camera.o(.text.FTM2_IRQHandler) refers to camera.o(.data.pixcnt) for pixcnt
[...]
    term_alloc.o(.text) refers (Special) to libshutdown2.o(.ARM.Collect$$libshutdown$$0000000E) for __rt_lib_shutdown_heap_2
    term_alloc.o(.text) refers to rt_heap_descriptor_intlibspace.o(.text) for __rt_heap_descriptor
    term_alloc.o(.text) refers to h1_final.o(.text) for __Heap_Finalize
    defsig_rtmem_inner.o(.text) refers to defsig_general.o(.text) for __default_signal_display
    defsig.o(CL$$defsig) refers to defsig_rtred_inner.o(.text) for __rt_SIGRTRED_inner
    defsig.o(CL$$defsig) refers to defsig_rtmem_inner.o(.text) for __rt_SIGRTMEM_inner
    libshutdown.o(.ARM.Collect$$libshutdown$$00000000) refers (Special) to libshutdown2.o(.ARM.Collect$$libshutdown$$00000002) for __rt_lib_shutdown_cpp_1
    libshutdown.o(.ARM.Collect$$libshutdown$$00000000) refers (Special) to libshutdown2.o(.ARM.Collect$$libshutdown$$00000007) for __rt_lib_shutdown_fp_trap_1
    libshutdown.o(.ARM.Collect$$libshutdown$$00000000) refers (Special) to libshutdown2.o(.ARM.Collect$$libshutdown$$0000000F) for __rt_lib_shutdown_heap_1
    libshutdown.o(.ARM.Collect$$libshutdown$$00000000) refers (Special) to libshutdown2.o(.ARM.Collect$$libshutdown$$00000010) for __rt_lib_shutdown_return
    libshutdown.o(.ARM.Collect$$libshutdown$$00000000) refers (Special) to libshutdown2.o(.ARM.Collect$$libshutdown$$0000000A) for __rt_lib_shutdown_signal_1
    libshutdown.o(.ARM.Collect$$libshutdown$$00000000) refers (Special) to libshutdown2.o(.ARM.Collect$$libshutdown$$00000004) for __rt_lib_shutdown_stdio_1
    libshutdown.o(.ARM.Collect$$libshutdown$$00000000) refers (Special) to libshutdown2.o(.ARM.Collect$$libshutdown$$0000000C) for __rt_lib_shutdown_user_alloc_1
    scalbn.o(x$fpl$scalbn) refers (Special) to usenofp.o(x$fpl$usenofp) for __I$use$fp
    scalbn.o(x$fpl$scalbn) refers to dcheck1.o(x$fpl$dcheck1) for __fpl_dcheck_NaN1
    dunder.o(i.__mathlib_dbl_divzero) refers to ddiv.o(x$fpl$ddiv) for __aeabi_ddiv
    dunder.o(i.__mathlib_dbl_infnan) refers to daddsub_clz.o(x$fpl$dadd) for __aeabi_dadd
    dunder.o(i.__mathlib_dbl_infnan2) refers to daddsub_clz.o(x$fpl$dadd) for __aeabi_dadd
    dunder.o(i.__mathlib_dbl_invalid) refers to ddiv.o(x$fpl$ddiv) for __aeabi_ddiv
    dunder.o(i.__mathlib_dbl_overflow) refers to dmul.o(x$fpl$dmul) for __aeabi_dmul
    dunder.o(i.__mathlib_dbl_posinfnan) refers to dmul.o(x$fpl$dmul) for __aeabi_dmul
    dunder.o(i.__mathlib_dbl_underflow) refers to dmul.o(x$fpl$dmul) for __aeabi_dmul
    defsig_abrt_inner.o(.text) refers to defsig_general.o(.text) for __default_signal_display
    defsig_fpe_inner.o(.text) refers to defsig_general.o(.text) for __default_signal_display
    defsig_stak_inner.o(.text) refers to defsig_general.o(.text) for __default_signal_display
    defsig_pvfn_inner.o(.text) refers to defsig_general.o(.text) for __default_signal_display
    defsig_cppl_inner.o(.text) refers to defsig_general.o(.text) for __default_signal_display
    defsig_segv_inner.o(.text) refers to defsig_general.o(.text) for __default_signal_display
    defsig_other.o(.text) refers to defsig_general.o(.text) for __default_signal_display
    dcheck1.o(x$fpl$dcheck1) refers (Special) to usenofp.o(x$fpl$usenofp) for __I$use$fp
    dcheck1.o(x$fpl$dcheck1) refers to retnan.o(x$fpl$retnan) for __fpl_return_NaN
    retnan.o(x$fpl$retnan) refers (Special) to usenofp.o(x$fpl$usenofp) for __I$use$fp
    retnan.o(x$fpl$retnan) refers to trapv.o(x$fpl$trapveneer) for __fpl_cmpreturn
    trapv.o(x$fpl$trapveneer) refers (Special) to usenofp.o(x$fpl$usenofp) for __I$use$fp
    scanf_fp.o(i._is_digit) refers (Special) to usenofp.o(x$fpl$usenofp) for __I$use$fp
    scanf_fp.o(i._is_digit) refers (Special) to lc_numeric_c.o(locale$$code) for _get_lc_numeric


==============================================================================

Removing Unused input sections from the image.

    Removing drivemotor.o(.text), (0 bytes).
    Removing drivemotor.o(.ARM.exidx.text.DriveMotor_init), (8 bytes).
    Removing drivemotor.o(.ARM.exidx.text.DriveMotorA_enable), (8 bytes).
    Removing drivemotor.o(.ARM.exidx.text.DriveMotorB_enable), (8 bytes).
    Removing drivemotor.o(.ARM.exidx.text.DriveMotorB_set_duty_cycle), (8 bytes).
    Removing drivemotor.o(.ARM.exidx.text.DriveMotorA_set_duty_cycle), (8 bytes).
    Removing steering.o(.text), (0 bytes).
    Removing steering.o(.ARM.exidx.text.Steering_init), (8 bytes).
    Removing steering.o(.ARM.exidx.text.set_duty_cycle), (8 bytes).
    Removing steering.o(.ARM.exidx.text.Steering_set_direction), (8 bytes).
    Removing main.o(.text), (0 bytes).
    Removing main.o(.ARM.exidx.text.delay), (8 bytes).
    Removing main.o(.ARM.exidx.text.main), (8 bytes).
    Removing main.o(.ARM.exidx.text.measure_camera), (8 bytes).
    Removing main.o(.ARM.use_no_argv), (4 bytes).
    Removing camera.o(.text), (0 bytes).
    Removing camera.o(.ARM.exidx.text.ADC0_IRQHandler), (8 bytes).
    Removing camera.o(.ARM.exidx.text.FTM2_IRQHandler), (8 bytes).
    Removing camera.o(.ARM.exidx.text.PIT0_IRQHandler), (8 bytes).
    Removing camera.o(.ARM.exidx.text.init_FTM2), (8 bytes).
    Removing camera.o(.ARM.exidx.text.__NVIC_EnableIRQ), (8 bytes).
    Removing camera.o(.ARM.exidx.text.init_PIT), (8 bytes).
    Removing camera.o(.ARM.exidx.text.init_GPIO), (8 bytes).
    Removing camera.o(.ARM.exidx.text.init_ADC0), (8 bytes).
    Removing camera.o(.ARM.exidx.text.Camera_init), (8 bytes).
    Removing camera.o(.ARM.exidx.text.Camera_capture), (8 bytes).
    Removing camera.o(.ARM.exidx.text.Camera_get_light_level), (8 bytes).
    Removing camera.o(.bss.str), (100 bytes).
    Removing uart.o(.text), (0 bytes).
    Removing uart.o(.ARM.exidx.text.uart0_init), (8 bytes).
    Removing uart.o(.text.uart0_getchar), (34 bytes).
    Removing uart.o(.ARM.exidx.text.uart0_getchar), (8 bytes).
    Removing uart.o(.ARM.exidx.text.uart0_putchar), (8 bytes).
    Removing uart.o(.ARM.exidx.text.uart0_put), (8 bytes).
    Removing uart.o(.text.uart3_init), (190 bytes).
    Removing uart.o(.ARM.exidx.text.uart3_init), (8 bytes).
    Removing uart.o(.text.uart3_getchar), (34 bytes).
    Removing uart.o(.ARM.exidx.text.uart3_getchar), (8 bytes).
    Removing uart.o(.text.uart3_putchar), (48 bytes).
    Removing uart.o(.ARM.exidx.text.uart3_putchar), (8 bytes).
    Removing uart.o(.text.uart3_put), (36 bytes).
    Removing uart.o(.ARM.exidx.text.uart3_put), (8 bytes).
    Removing pid.o(.text), (0 bytes).
    Removing pid.o(.ARM.exidx.text.pid_iterate), (8 bytes).
    Removing pid.o(.bss.last_error), (4 bytes).
    Removing tuning.o(.text), (0 bytes).
    Removing tuning.o(.text.Tuning_init), (8 bytes).
    Removing tuning.o(.ARM.exidx.text.Tuning_init), (8 bytes).
    Removing tuning.o(.ARM.exidx.text.Tuning_get_kp), (8 bytes).
    Removing tuning.o(.ARM.exidx.text.Tuning_get_ki), (8 bytes).
    Removing tuning.o(.ARM.exidx.text.Tuning_get_kd), (8 bytes).
    Removing tuning.o(.text.Tuning_update), (142 bytes).
    Removing tuning.o(.ARM.exidx.text.Tuning_update), (8 bytes).
    Removing tuning.o(.rodata.str1.1), (8 bytes).
    Removing leds.o(.text), (0 bytes).
    Removing leds.o(.ARM.exidx.text.LED_Off), (8 bytes).
    Removing leds.o(.ARM.exidx.text.LED_Init), (8 bytes).
    Removing leds.o(.ARM.exidx.text.LED_On), (8 bytes).
    Removing leds.o(.ARM.exidx.text.red_led), (8 bytes).
    Removing leds.o(.ARM.exidx.text.green_led), (8 bytes).
    Removing leds.o(.ARM.exidx.text.blue_led), (8 bytes).
    Removing switch.o(.text), (0 bytes).
    Removing switch.o(.ARM.exidx.text.Switch2_Init), (8 bytes).
    Removing switch.o(.ARM.exidx.text.Switch3_Init), (8 bytes).
    Removing switch.o(.ARM.exidx.text.Switch2_Pressed), (8 bytes).
    Removing switch.o(.ARM.exidx.text.Switch3_Pressed), (8 bytes).
    Removing system_mk64f12.o(.text), (0 bytes).
    Removing system_mk64f12.o(.ARM.exidx.text.SystemInit), (8 bytes).
    Removing system_mk64f12.o(.text.SystemCoreClockUpdate), (604 bytes).
    Removing system_mk64f12.o(.ARM.exidx.text.SystemCoreClockUpdate), (8 bytes).
    Removing system_mk64f12.o(.data.SystemCoreClock), (4 bytes).

71 unused section(s) (total 1600 bytes) removed from the image.

==============================================================================

Image Symbol Table

    Local Symbols

    Symbol Name                              Value     Ov Type        Size  Object(Section)

    ../clib/angel/boardlib.s                 0x00000000   Number         0  boardinit1.o ABSOLUTE
    ../clib/angel/boardlib.s                 0x00000000   Number         0  boardinit2.o ABSOLUTE
    ../clib/angel/boardlib.s                 0x00000000   Number         0  boardinit3.o ABSOLUTE
    ../clib/angel/boardlib.s                 0x00000000   Number         0  boardshut.o ABSOLUTE
    ../clib/angel/handlers.s                 0x00000000   Number         0  __scatter_copy.o ABSOLUTE
    ../clib/angel/handlers.s                 0x00000000   Number         0  __scatter_zi.o ABSOLUTE
    ../clib/angel/kernel.s                   0x00000000   Number         0  __rtentry.o ABSOLUTE
    ../clib/angel/kernel.s                   0x00000000   Number         0  __rtentry2.o ABSOLUTE
    ../clib/angel/kernel.s                   0x00000000   Number         0  __rtentry4.o ABSOLUTE
    ../clib/angel/kernel.s                   0x00000000   Number         0  rtexit.o ABSOLUTE
    ../clib/angel/kernel.s                   0x00000000   Number         0  rtexit2.o ABSOLUTE
    ../clib/angel/rt.s                       0x00000000   Number         0  rt_ctype_table.o ABSOLUTE
    ../clib/angel/rt.s                       0x00000000   Number         0  rt_locale.o ABSOLUTE
    ../clib/angel/rt.s                       0x00000000   Number         0  rt_locale_intlibspace.o ABSOLUTE
    ../clib/angel/rt.s                       0x00000000   Number         0  rt_errno_addr.o ABSOLUTE
    ../clib/angel/rt.s                       0x00000000   Number         0  rt_errno_addr_intlibspace.o ABSOLUTE
    ../clib/angel/rt.s                       0x00000000   Number         0  rt_raise.o ABSOLUTE
    ../clib/angel/rt.s                       0x00000000   Number         0  rt_heap_descriptor.o ABSOLUTE
    ../clib/angel/rt.s                       0x00000000   Number         0  rt_heap_descriptor_intlibspace.o ABSOLUTE
    ../clib/angel/scatter.s                  0x00000000   Number         0  __scatter.o ABSOLUTE
    ../clib/angel/startup.s                  0x00000000   Number         0  __main.o ABSOLUTE
    ../clib/angel/sys.s                      0x00000000   Number         0  mutex_dummy.o ABSOLUTE
    ../clib/angel/sys.s                      0x00000000   Number         0  sys_stackheap_outer.o ABSOLUTE
    ../clib/angel/sys.s                      0x00000000   Number         0  libspace.o ABSOLUTE
    ../clib/angel/sys.s                      0x00000000   Number         0  use_no_semi.o ABSOLUTE
    ../clib/angel/sys.s                      0x00000000   Number         0  indicate_semi.o ABSOLUTE
    ../clib/angel/sysapp.c                   0x00000000   Number         0  sys_io_names.o ABSOLUTE
    ../clib/angel/sysapp.c                   0x00000000   Number         0  sys_io.o ABSOLUTE
    ../clib/angel/sysapp.c                   0x00000000   Number         0  sys_io_hlt.o ABSOLUTE
    ../clib/angel/sysapp.c                   0x00000000   Number         0  sys_exit.o ABSOLUTE
    ../clib/angel/sysapp.c                   0x00000000   Number         0  sys_exit_hlt.o ABSOLUTE
    ../clib/angel/sysapp.c                   0x00000000   Number         0  sys_wrch.o ABSOLUTE
    ../clib/angel/sysapp.c                   0x00000000   Number         0  sys_command.o ABSOLUTE
    ../clib/angel/sysapp.c                   0x00000000   Number         0  sys_wrch_hlt.o ABSOLUTE
    ../clib/angel/sysapp.c                   0x00000000   Number         0  sys_command_hlt.o ABSOLUTE
    ../clib/armsys.c                         0x00000000   Number         0  argv_veneer.o ABSOLUTE
    ../clib/armsys.c                         0x00000000   Number         0  argv_veneer.o ABSOLUTE
    ../clib/armsys.c                         0x00000000   Number         0  _get_argv.o ABSOLUTE
    ../clib/armsys.c                         0x00000000   Number         0  _get_argv_nomalloc.o ABSOLUTE
    ../clib/armsys.c                         0x00000000   Number         0  no_argv.o ABSOLUTE
    ../clib/bigflt.c                         0x00000000   Number         0  bigflt0.o ABSOLUTE
    ../clib/btod.s                           0x00000000   Number         0  btod.o ABSOLUTE
    ../clib/btod_accurate.c                  0x00000000   Number         0  dtob_accurate.o ABSOLUTE
    ../clib/btod_accurate.c                  0x00000000   Number         0  btod_accurate_common.o ABSOLUTE
    ../clib/ctype.c                          0x00000000   Number         0  isspace.o ABSOLUTE
    ../clib/fenv.c                           0x00000000   Number         0  _rserrno.o ABSOLUTE
    ../clib/heap1.c                          0x00000000   Number         0  h1_free.o ABSOLUTE
    ../clib/heap1.c                          0x00000000   Number         0  h1_free_threads.o ABSOLUTE
    ../clib/heap1.c                          0x00000000   Number         0  h1_alloc.o ABSOLUTE
    ../clib/heap1.c                          0x00000000   Number         0  h1_alloc_threads.o ABSOLUTE
    ../clib/heap1.c                          0x00000000   Number         0  h1_init.o ABSOLUTE
    ../clib/heap1.c                          0x00000000   Number         0  h1_extend.o ABSOLUTE
    ../clib/heap1.c                          0x00000000   Number         0  h1_init_threads.o ABSOLUTE
    ../clib/heap1.c                          0x00000000   Number         0  h1_extend_threads.o ABSOLUTE
    ../clib/heap1.c                          0x00000000   Number         0  h1_final.o ABSOLUTE
    ../clib/heap1.c                          0x00000000   Number         0  h1_final_threads.o ABSOLUTE
    ../clib/heap2.c                          0x00000000   Number         0  heap2.o ABSOLUTE
    ../clib/heap2.c                          0x00000000   Number         0  heap2_threads.o ABSOLUTE
    ../clib/heap2.c                          0x00000000   Number         0  fdtree.o ABSOLUTE
    ../clib/heapalloc.c                      0x00000000   Number         0  free.o ABSOLUTE
    ../clib/heapalloc.c                      0x00000000   Number         0  hguard.o ABSOLUTE
    ../clib/heapalloc.c                      0x00000000   Number         0  init_alloc.o ABSOLUTE
    ../clib/heapalloc.c                      0x00000000   Number         0  malloc.o ABSOLUTE
    ../clib/heapalloc.c                      0x00000000   Number         0  heapstubs.o ABSOLUTE
    ../clib/heapalloc.c                      0x00000000   Number         0  hrguard.o ABSOLUTE
    ../clib/heapalloc.c                      0x00000000   Number         0  term_alloc.o ABSOLUTE
    ../clib/heapaux.c                        0x00000000   Number         0  heapauxi.o ABSOLUTE
    ../clib/heapaux.c                        0x00000000   Number         0  heapauxa.o ABSOLUTE
    ../clib/libinit.s                        0x00000000   Number         0  libinit.o ABSOLUTE
    ../clib/libinit.s                        0x00000000   Number         0  libinit2.o ABSOLUTE
    ../clib/libinit.s                        0x00000000   Number         0  libshutdown2.o ABSOLUTE
    ../clib/libinit.s                        0x00000000   Number         0  libshutdown.o ABSOLUTE
    ../clib/locale.c                         0x00000000   Number         0  _mbrtoc16.o ABSOLUTE
    ../clib/locale.c                         0x00000000   Number         0  _c16rtomb.o ABSOLUTE
    ../clib/locale.s                         0x00000000   Number         0  lc_numeric_c.o ABSOLUTE
    ../clib/locale.s                         0x00000000   Number         0  lc_ctype_c.o ABSOLUTE
    ../clib/longlong.s                       0x00000000   Number         0  llshl.o ABSOLUTE
    ../clib/longlong.s                       0x00000000   Number         0  llushr.o ABSOLUTE
    ../clib/maybe.s                          0x00000000   Number         0  maybetermalloc1.o ABSOLUTE
    ../clib/maybe.s                          0x00000000   Number         0  maybetermalloc2.o ABSOLUTE
    ../clib/memcpset.s                       0x00000000   Number         0  rt_memclr_w.o ABSOLUTE
    ../clib/memcpset.s                       0x00000000   Number         0  rt_memcpy_w.o ABSOLUTE
    ../clib/memcpset.s                       0x00000000   Number         0  strcmpv7em.o ABSOLUTE
    ../clib/memcpset.s                       0x00000000   Number         0  rt_memcpy_v6.o ABSOLUTE
    ../clib/printf.c                         0x00000000   Number         0  __printf_wp.o ABSOLUTE
    ../clib/printf.c                         0x00000000   Number         0  __printf.o ABSOLUTE
    ../clib/printf.c                         0x00000000   Number         0  __printf_flags.o ABSOLUTE
    ../clib/printf.c                         0x00000000   Number         0  __printf_ss.o ABSOLUTE
    ../clib/printf.c                         0x00000000   Number         0  __printf_flags_ss.o ABSOLUTE
    ../clib/printf.c                         0x00000000   Number         0  __printf_flags_wp.o ABSOLUTE
    ../clib/printf.c                         0x00000000   Number         0  __printf_ss_wp.o ABSOLUTE
    ../clib/printf.c                         0x00000000   Number         0  __printf_flags_ss_wp.o ABSOLUTE
    ../clib/printf_percent.s                 0x00000000   Number         0  _printf_percent.o ABSOLUTE
    ../clib/printf_percent.s                 0x00000000   Number         0  _printf_percent_end.o ABSOLUTE
    ../clib/scanf.c                          0x00000000   Number         0  scanf.o ABSOLUTE
    ../clib/scanf.c                          0x00000000   Number         0  _scanf_longlong.o ABSOLUTE
    ../clib/scanf.c                          0x00000000   Number         0  _scanf_int.o ABSOLUTE
    ../clib/scanf.c                          0x00000000   Number         0  _scanf_str.o ABSOLUTE
    ../clib/scanf.c                          0x00000000   Number         0  scanf_char_file.o ABSOLUTE
    ../clib/scanf.c                          0x00000000   Number         0  _scanf_mbtowc.o ABSOLUTE
    ../clib/scanf.c                          0x00000000   Number         0  _scanf_wctomb.o ABSOLUTE
    ../clib/scanf.c                          0x00000000   Number         0  _scanf_wstr.o ABSOLUTE
    ../clib/scanf.c                          0x00000000   Number         0  _chval.o ABSOLUTE
    ../clib/scanf.c                          0x00000000   Number         0  scanf_fp.o ABSOLUTE
    ../clib/scanf.c                          0x00000000   Number         0  scanf_fp_accurate.o ABSOLUTE
    ../clib/scanf.c                          0x00000000   Number         0  scanf_char.o ABSOLUTE
    ../clib/scanf.c                          0x00000000   Number         0  _scanf_wcharmap.o ABSOLUTE
    ../clib/scanf.c                          0x00000000   Number         0  _scanf.o ABSOLUTE
    ../clib/scanf.c                          0x00000000   Number         0  scanf_hexfp.o ABSOLUTE
    ../clib/scanf.c                          0x00000000   Number         0  scanf_infnan.o ABSOLUTE
    ../clib/scanf.c                          0x00000000   Number         0  scanf_char_file_locked.o ABSOLUTE
    ../clib/signal.c                         0x00000000   Number         0  defsig_rtred_outer.o ABSOLUTE
    ../clib/signal.c                         0x00000000   Number         0  defsig_rtred_formal.o ABSOLUTE
    ../clib/signal.c                         0x00000000   Number         0  defsig_exit.o ABSOLUTE
    ../clib/signal.c                         0x00000000   Number         0  defsig_rtred_inner.o ABSOLUTE
    ../clib/signal.c                         0x00000000   Number         0  __raise.o ABSOLUTE
    ../clib/signal.c                         0x00000000   Number         0  defsig_general.o ABSOLUTE
    ../clib/signal.c                         0x00000000   Number         0  defsig_rtmem_outer.o ABSOLUTE
    ../clib/signal.c                         0x00000000   Number         0  defsig_rtmem_formal.o ABSOLUTE
    ../clib/signal.c                         0x00000000   Number         0  defsig_rtmem_inner.o ABSOLUTE
    ../clib/signal.c                         0x00000000   Number         0  defsig_abrt_inner.o ABSOLUTE
    ../clib/signal.c                         0x00000000   Number         0  defsig_fpe_inner.o ABSOLUTE
    ../clib/signal.c                         0x00000000   Number         0  defsig_stak_inner.o ABSOLUTE
    ../clib/signal.c                         0x00000000   Number         0  defsig_pvfn_inner.o ABSOLUTE
    ../clib/signal.c                         0x00000000   Number         0  defsig_cppl_inner.o ABSOLUTE
    ../clib/signal.c                         0x00000000   Number         0  defsig_segv_inner.o ABSOLUTE
    ../clib/signal.c                         0x00000000   Number         0  defsig_other.o ABSOLUTE
    ../clib/signal.s                         0x00000000   Number         0  defsig.o ABSOLUTE
    ../clib/stdio.c                          0x00000000   Number         0  stdio_streams.o ABSOLUTE
    ../clib/stdio.c                          0x00000000   Number         0  backspace.o ABSOLUTE
    ../clib/stdio.c                          0x00000000   Number         0  fgetc.o ABSOLUTE
    ../clib/stdio.c                          0x00000000   Number         0  initio.o ABSOLUTE
    ../clib/stdio.c                          0x00000000   Number         0  fgetc_locked.o ABSOLUTE
    ../clib/stdio.c                          0x00000000   Number         0  backspace_locked.o ABSOLUTE
    ../clib/stdio.c                          0x00000000   Number         0  initio_locked.o ABSOLUTE
    ../clib/stdio.c                          0x00000000   Number         0  filbuf.o ABSOLUTE
    ../clib/stdio.c                          0x00000000   Number         0  setvbuf.o ABSOLUTE
    ../clib/stdio.c                          0x00000000   Number         0  ungetc.o ABSOLUTE
    ../clib/stdio.c                          0x00000000   Number         0  streamlock.o ABSOLUTE
    ../clib/stdio.c                          0x00000000   Number         0  fopen.o ABSOLUTE
    ../clib/stdio.c                          0x00000000   Number         0  fclose.o ABSOLUTE
    ../clib/stdio.c                          0x00000000   Number         0  setvbuf_locked.o ABSOLUTE
    ../clib/stdio.c                          0x00000000   Number         0  fopen_locked.o ABSOLUTE
    ../clib/stdio.c                          0x00000000   Number         0  fseek.o ABSOLUTE
    ../clib/stdio.c                          0x00000000   Number         0  stdio.o ABSOLUTE
    ../clib/stdio.c                          0x00000000   Number         0  freadfast.o ABSOLUTE
    ../clib/stdio.c                          0x00000000   Number         0  fread_bytes_avail.o ABSOLUTE
    ../clib/stdio.c                          0x00000000   Number         0  flushlinebuffered.o ABSOLUTE
    ../clib/stdio.c                          0x00000000   Number         0  freadfast_locked.o ABSOLUTE
    ../clib/stdio.c                          0x00000000   Number         0  fread_bytes_avail_locked.o ABSOLUTE
    ../clib/stdio.c                          0x00000000   Number         0  flushlinebuffered_locked.o ABSOLUTE
    ../clib/stdio.c                          0x00000000   Number         0  fflush.o ABSOLUTE
    ../clib/stdio.c                          0x00000000   Number         0  ftell.o ABSOLUTE
    ../clib/stdio.c                          0x00000000   Number         0  fflush_locked.o ABSOLUTE
    ../clib/stdlib.c                         0x00000000   Number         0  exit.o ABSOLUTE
    ../clib/string.c                         0x00000000   Number         0  strlen.o ABSOLUTE
    ../clib/wchar.c                          0x00000000   Number         0  filbuf_fwide.o ABSOLUTE
    ../fplib/d2f.s                           0x00000000   Number         0  d2f.o ABSOLUTE
    ../fplib/daddsub.s                       0x00000000   Number         0  daddsub_clz.o ABSOLUTE
    ../fplib/dcheck1.s                       0x00000000   Number         0  dcheck1.o ABSOLUTE
    ../fplib/dcmp.s                          0x00000000   Number         0  dcmp.o ABSOLUTE
    ../fplib/dcmpi.s                         0x00000000   Number         0  dcmpi.o ABSOLUTE
    ../fplib/ddiv.s                          0x00000000   Number         0  ddiv.o ABSOLUTE
    ../fplib/deqf.s                          0x00000000   Number         0  deqf.o ABSOLUTE
    ../fplib/dgeqf.s                         0x00000000   Number         0  dgeqf.o ABSOLUTE
    ../fplib/dleqf.s                         0x00000000   Number         0  dleqf.o ABSOLUTE
    ../fplib/dmul.s                          0x00000000   Number         0  dmul.o ABSOLUTE
    ../fplib/dnaninf.s                       0x00000000   Number         0  dnaninf.o ABSOLUTE
    ../fplib/dretinf.s                       0x00000000   Number         0  dretinf.o ABSOLUTE
    ../fplib/drleqf.s                        0x00000000   Number         0  drleqf.o ABSOLUTE
    ../fplib/f2d.s                           0x00000000   Number         0  f2d.o ABSOLUTE
    ../fplib/fnaninf.s                       0x00000000   Number         0  fnaninf.o ABSOLUTE
    ../fplib/fpconst.s                       0x00000000   Number         0  fpconst.o ABSOLUTE
    ../fplib/fpinit.s                        0x00000000   Number         0  fpinit.o ABSOLUTE
    ../fplib/fretinf.s                       0x00000000   Number         0  fretinf.o ABSOLUTE
    ../fplib/istatus.s                       0x00000000   Number         0  istatus.o ABSOLUTE
    ../fplib/retnan.s                        0x00000000   Number         0  retnan.o ABSOLUTE
    ../fplib/scalbn.s                        0x00000000   Number         0  scalbn.o ABSOLUTE
    ../fplib/scanf1.s                        0x00000000   Number         0  scanf1.o ABSOLUTE
    ../fplib/scanf2.s                        0x00000000   Number         0  scanf2.o ABSOLUTE
    ../fplib/scanf2a.s                       0x00000000   Number         0  scanf2a.o ABSOLUTE
    ../fplib/scanf2b.s                       0x00000000   Number         0  scanf2b.o ABSOLUTE
    ../fplib/trapv.s                         0x00000000   Number         0  trapv.o ABSOLUTE
    ../fplib/usenofp.s                       0x00000000   Number         0  usenofp.o ABSOLUTE
    ../mathlib/dunder.c                      0x00000000   Number         0  dunder.o ABSOLUTE
    ../mathlib/frexp.c                       0x00000000   Number         0  frexp.o ABSOLUTE
    ../mathlib/ldexp.c                       0x00000000   Number         0  ldexp.o ABSOLUTE
    ../mathlib/narrow.c                      0x00000000   Number         0  narrow.o ABSOLUTE
    Camera.c                                 0x00000000   Number         0  camera.o ABSOLUTE
    DriveMotor.c                             0x00000000   Number         0  drivemotor.o ABSOLUTE
    RTE/Device/MK64FN1M0xxx12/startup_MK64F12.s 0x00000000   Number         0  startup_mk64f12.o ABSOLUTE
    Steering.c                               0x00000000   Number         0  steering.o ABSOLUTE
    Tuning.c                                 0x00000000   Number         0  tuning.o ABSOLUTE
    dc.s                                     0x00000000   Number         0  dc.o ABSOLUTE
    leds.c                                   0x00000000   Number         0  leds.o ABSOLUTE
    main.c                                   0x00000000   Number         0  main.o ABSOLUTE
    pid.c                                    0x00000000   Number         0  pid.o ABSOLUTE
    switch.c                                 0x00000000   Number         0  switch.o ABSOLUTE
    system_MK64F12.c                         0x00000000   Number         0  system_mk64f12.o ABSOLUTE
    uart.c                                   0x00000000   Number         0  uart.o ABSOLUTE
    RESET                                    0x00000000   Section     1024  startup_mk64f12.o(RESET)
    .ARM.__at_0x400                          0x00000400   Section       16  startup_mk64f12.o(.ARM.__at_0x400)
    !!!main                                  0x00000410   Section        8  __main.o(!!!main)
    !!!scatter                               0x00000418   Section       52  __scatter.o(!!!scatter)
    !!handler_copy                           0x0000044c   Section       26  __scatter_copy.o(!!handler_copy)
    !!handler_zi                             0x00000468   Section       28  __scatter_zi.o(!!handler_zi)
    .ARM.Collect$$libinit$$00000000          0x00000484   Section        2  libinit.o(.ARM.Collect$$libinit$$00000000)
    .ARM.Collect$$libinit$$00000001          0x00000486   Section        4  libinit2.o(.ARM.Collect$$libinit$$00000001)
    .ARM.Collect$$libinit$$00000004          0x0000048a   Section        0  libinit2.o(.ARM.Collect$$libinit$$00000004)
    .ARM.Collect$$libinit$$0000000A          0x0000048a   Section        0  libinit2.o(.ARM.Collect$$libinit$$0000000A)
    .ARM.Collect$$libinit$$0000000C          0x0000048a   Section        0  libinit2.o(.ARM.Collect$$libinit$$0000000C)
    .ARM.Collect$$libinit$$0000000E          0x0000048a   Section        0  libinit2.o(.ARM.Collect$$libinit$$0000000E)
    .ARM.Collect$$libinit$$00000011          0x0000048a   Section        0  libinit2.o(.ARM.Collect$$libinit$$00000011)
    .ARM.Collect$$libinit$$00000013          0x0000048a   Section        0  libinit2.o(.ARM.Collect$$libinit$$00000013)
    .ARM.Collect$$libinit$$00000015          0x0000048a   Section        0  libinit2.o(.ARM.Collect$$libinit$$00000015)
    .ARM.Collect$$libinit$$00000017          0x0000048a   Section        0  libinit2.o(.ARM.Collect$$libinit$$00000017)
    .ARM.Collect$$libinit$$00000019          0x0000048a   Section        0  libinit2.o(.ARM.Collect$$libinit$$00000019)
    .ARM.Collect$$libinit$$0000001B          0x0000048a   Section        0  libinit2.o(.ARM.Collect$$libinit$$0000001B)
    .ARM.Collect$$libinit$$0000001D          0x0000048a   Section        0  libinit2.o(.ARM.Collect$$libinit$$0000001D)
    .ARM.Collect$$libinit$$0000001F          0x0000048a   Section        0  libinit2.o(.ARM.Collect$$libinit$$0000001F)
    .ARM.Collect$$libinit$$00000021          0x0000048a   Section        0  libinit2.o(.ARM.Collect$$libinit$$00000021)
    .ARM.Collect$$libinit$$00000023          0x0000048a   Section        0  libinit2.o(.ARM.Collect$$libinit$$00000023)
    .ARM.Collect$$libinit$$00000025          0x0000048a   Section        0  libinit2.o(.ARM.Collect$$libinit$$00000025)
    .ARM.Collect$$libinit$$0000002C          0x0000048a   Section        0  libinit2.o(.ARM.Collect$$libinit$$0000002C)
    .ARM.Collect$$libinit$$0000002E          0x0000048a   Section        0  libinit2.o(.ARM.Collect$$libinit$$0000002E)
    .ARM.Collect$$libinit$$00000030          0x0000048a   Section        0  libinit2.o(.ARM.Collect$$libinit$$00000030)
    .ARM.Collect$$libinit$$00000032          0x0000048a   Section        0  libinit2.o(.ARM.Collect$$libinit$$00000032)
    .ARM.Collect$$libinit$$00000033          0x0000048a   Section        2  libinit2.o(.ARM.Collect$$libinit$$00000033)
    .ARM.Collect$$libshutdown$$00000000      0x0000048c   Section        2  libshutdown.o(.ARM.Collect$$libshutdown$$00000000)
    .ARM.Collect$$libshutdown$$00000002      0x0000048e   Section        0  libshutdown2.o(.ARM.Collect$$libshutdown$$00000002)
    .ARM.Collect$$libshutdown$$00000004      0x0000048e   Section        0  libshutdown2.o(.ARM.Collect$$libshutdown$$00000004)
    .ARM.Collect$$libshutdown$$00000007      0x0000048e   Section        0  libshutdown2.o(.ARM.Collect$$libshutdown$$00000007)
    .ARM.Collect$$libshutdown$$0000000A      0x0000048e   Section        0  libshutdown2.o(.ARM.Collect$$libshutdown$$0000000A)
    .ARM.Collect$$libshutdown$$0000000C      0x0000048e   Section        0  libshutdown2.o(.ARM.Collect$$libshutdown$$0000000C)
    .ARM.Collect$$libshutdown$$0000000F      0x0000048e   Section        0  libshutdown2.o(.ARM.Collect$$libshutdown$$0000000F)
    .ARM.Collect$$libshutdown$$00000010      0x0000048e   Section        2  libshutdown2.o(.ARM.Collect$$libshutdown$$00000010)
    .ARM.Collect$$rtentry$$00000000          0x00000490   Section        0  __rtentry.o(.ARM.Collect$$rtentry$$00000000)
    .ARM.Collect$$rtentry$$00000002          0x00000490   Section        0  __rtentry2.o(.ARM.Collect$$rtentry$$00000002)
    .ARM.Collect$$rtentry$$00000004          0x00000490   Section        6  __rtentry4.o(.ARM.Collect$$rtentry$$00000004)
    .ARM.Collect$$rtentry$$00000009          0x00000496   Section        0  __rtentry2.o(.ARM.Collect$$rtentry$$00000009)
    .ARM.Collect$$rtentry$$0000000A          0x00000496   Section        4  __rtentry2.o(.ARM.Collect$$rtentry$$0000000A)
    .ARM.Collect$$rtentry$$0000000C          0x0000049a   Section        0  __rtentry2.o(.ARM.Collect$$rtentry$$0000000C)
    .ARM.Collect$$rtentry$$0000000D          0x0000049a   Section        8  __rtentry2.o(.ARM.Collect$$rtentry$$0000000D)
    .ARM.Collect$$rtexit$$00000000           0x000004a2   Section        2  rtexit.o(.ARM.Collect$$rtexit$$00000000)
    .ARM.Collect$$rtexit$$00000002           0x000004a4   Section        0  rtexit2.o(.ARM.Collect$$rtexit$$00000002)
    .ARM.Collect$$rtexit$$00000003           0x000004a4   Section        4  rtexit2.o(.ARM.Collect$$rtexit$$00000003)
    .ARM.Collect$$rtexit$$00000004           0x000004a8   Section        6  rtexit2.o(.ARM.Collect$$rtexit$$00000004)
    $v0                                      0x000004b0   Number         0  startup_mk64f12.o(.text)
    .text                                    0x000004b0   Section       72  startup_mk64f12.o(.text)
    .text                                    0x000004f8   Section        0  heapauxi.o(.text)
    .text                                    0x000004fe   Section       74  sys_stackheap_outer.o(.text)
    .text                                    0x00000548   Section        0  exit.o(.text)
    .text                                    0x0000055c   Section        8  libspace.o(.text)
    .text                                    0x00000564   Section        0  sys_exit.o(.text)
    .text                                    0x00000570   Section        2  use_no_semi.o(.text)
    .text                                    0x00000572   Section        0  indicate_semi.o(.text)
    [Anonymous Symbol]                       0x00000574   Section        0  camera.o(.text.ADC0_IRQHandler)
    [Anonymous Symbol]                       0x0000058c   Section        0  camera.o(.text.Camera_capture)
    [Anonymous Symbol]                       0x000005d0   Section        0  camera.o(.text.Camera_get_light_level)
    [Anonymous Symbol]                       0x00000630   Section        0  camera.o(.text.Camera_init)
    [Anonymous Symbol]                       0x00000644   Section        0  drivemotor.o(.text.DriveMotorA_enable)
    [Anonymous Symbol]                       0x00000668   Section        0  drivemotor.o(.text.DriveMotorA_set_duty_cycle)
    [Anonymous Symbol]                       0x000006d8   Section        0  drivemotor.o(.text.DriveMotorB_enable)
    [Anonymous Symbol]                       0x000006fc   Section        0  drivemotor.o(.text.DriveMotorB_set_duty_cycle)
    [Anonymous Symbol]                       0x0000076c   Section        0  drivemotor.o(.text.DriveMotor_init)
    [Anonymous Symbol]                       0x00000898   Section        0  camera.o(.text.FTM2_IRQHandler)
    [Anonymous Symbol]                       0x000009ec   Section        0  leds.o(.text.LED_Init)
    [Anonymous Symbol]                       0x00000a48   Section        0  leds.o(.text.LED_Off)
    [Anonymous Symbol]                       0x00000a68   Section        0  leds.o(.text.LED_On)
    [Anonymous Symbol]                       0x00000b40   Section        0  camera.o(.text.PIT0_IRQHandler)
    [Anonymous Symbol]                       0x00000b90   Section        0  steering.o(.text.Steering_init)
    [Anonymous Symbol]                       0x00000c18   Section        0  steering.o(.text.Steering_set_direction)
    [Anonymous Symbol]                       0x00000cb0   Section        0  switch.o(.text.Switch2_Init)
    [Anonymous Symbol]                       0x00000cf4   Section        0  switch.o(.text.Switch2_Pressed)
    [Anonymous Symbol]                       0x00000d20   Section        0  switch.o(.text.Switch3_Init)
    [Anonymous Symbol]                       0x00000d6c   Section        0  switch.o(.text.Switch3_Pressed)
    [Anonymous Symbol]                       0x00000d98   Section        0  system_mk64f12.o(.text.SystemInit)
    [Anonymous Symbol]                       0x00000e80   Section        0  tuning.o(.text.Tuning_get_kd)
    [Anonymous Symbol]                       0x00000e90   Section        0  tuning.o(.text.Tuning_get_ki)
    [Anonymous Symbol]                       0x00000ea0   Section        0  tuning.o(.text.Tuning_get_kp)
    __NVIC_EnableIRQ                         0x00000eb1   Thumb Code    52  camera.o(.text.__NVIC_EnableIRQ)
    [Anonymous Symbol]                       0x00000eb0   Section        0  camera.o(.text.__NVIC_EnableIRQ)
    blue_led                                 0x00000ee5   Thumb Code    48  leds.o(.text.blue_led)
    [Anonymous Symbol]                       0x00000ee4   Section        0  leds.o(.text.blue_led)
    [Anonymous Symbol]                       0x00000f14   Section        0  main.o(.text.delay)
    green_led                                0x00000f3d   Thumb Code    48  leds.o(.text.green_led)
    [Anonymous Symbol]                       0x00000f3c   Section        0  leds.o(.text.green_led)
    [Anonymous Symbol]                       0x00000f6c   Section        0  camera.o(.text.init_ADC0)
    [Anonymous Symbol]                       0x00001090   Section        0  camera.o(.text.init_FTM2)
    [Anonymous Symbol]                       0x0000116c   Section        0  camera.o(.text.init_GPIO)
    [Anonymous Symbol]                       0x000011c4   Section        0  camera.o(.text.init_PIT)
    [Anonymous Symbol]                       0x00001228   Section        0  main.o(.text.main)
    __arm_cp.1_10                            0x000015bc   Number         4  main.o(.text.main)
    measure_camera                           0x00001631   Thumb Code   176  main.o(.text.measure_camera)
    [Anonymous Symbol]                       0x00001630   Section        0  main.o(.text.measure_camera)
    [Anonymous Symbol]                       0x000016e0   Section        0  pid.o(.text.pid_iterate)
    red_led                                  0x000017d9   Thumb Code    48  leds.o(.text.red_led)
    [Anonymous Symbol]                       0x000017d8   Section        0  leds.o(.text.red_led)
    [Anonymous Symbol]                       0x00001808   Section        0  steering.o(.text.set_duty_cycle)
    [Anonymous Symbol]                       0x00001840   Section        0  uart.o(.text.uart0_init)
    [Anonymous Symbol]                       0x00001910   Section        0  uart.o(.text.uart0_put)
    [Anonymous Symbol]                       0x00001934   Section        0  uart.o(.text.uart0_putchar)
    $v0                                      0x00001964   Number         0  d2f.o(x$fpl$d2f)
    x$fpl$d2f                                0x00001964   Section       98  d2f.o(x$fpl$d2f)
    $v0                                      0x000019c8   Number         0  daddsub_clz.o(x$fpl$dadd)
    x$fpl$dadd                               0x000019c8   Section      336  daddsub_clz.o(x$fpl$dadd)
    _dadd1                                   0x000019d9   Thumb Code     0  daddsub_clz.o(x$fpl$dadd)
    $v0                                      0x00001b18   Number         0  dcmpi.o(x$fpl$dcmpinf)
    x$fpl$dcmpinf                            0x00001b18   Section       24  dcmpi.o(x$fpl$dcmpinf)
    $v0                                      0x00001b30   Number         0  ddiv.o(x$fpl$ddiv)
    x$fpl$ddiv                               0x00001b30   Section      688  ddiv.o(x$fpl$ddiv)
    ddiv_entry                               0x00001b37   Thumb Code     0  ddiv.o(x$fpl$ddiv)
    $v0                                      0x00001de0   Number         0  deqf.o(x$fpl$deqf)
    x$fpl$deqf                               0x00001de0   Section      120  deqf.o(x$fpl$deqf)
    $v0                                      0x00001e58   Number         0  dgeqf.o(x$fpl$dgeqf)
    x$fpl$dgeqf                              0x00001e58   Section      120  dgeqf.o(x$fpl$dgeqf)
    $v0                                      0x00001ed0   Number         0  dleqf.o(x$fpl$dleqf)
    x$fpl$dleqf                              0x00001ed0   Section      120  dleqf.o(x$fpl$dleqf)
    $v0                                      0x00001f48   Number         0  dmul.o(x$fpl$dmul)
    x$fpl$dmul                               0x00001f48   Section      340  dmul.o(x$fpl$dmul)
    $v0                                      0x0000209c   Number         0  dnaninf.o(x$fpl$dnaninf)
    x$fpl$dnaninf                            0x0000209c   Section      156  dnaninf.o(x$fpl$dnaninf)
    $v0                                      0x00002138   Number         0  dretinf.o(x$fpl$dretinf)
    x$fpl$dretinf                            0x00002138   Section       12  dretinf.o(x$fpl$dretinf)
    $v0                                      0x00002144   Number         0  daddsub_clz.o(x$fpl$dsub)
    x$fpl$dsub                               0x00002144   Section      468  daddsub_clz.o(x$fpl$dsub)
    _dsub1                                   0x00002155   Thumb Code     0  daddsub_clz.o(x$fpl$dsub)
    $v0                                      0x00002318   Number         0  f2d.o(x$fpl$f2d)
    x$fpl$f2d                                0x00002318   Section       86  f2d.o(x$fpl$f2d)
    $v0                                      0x0000236e   Number         0  dcmp.o(x$fpl$fcmp)
    x$fpl$fcmp                               0x0000236e   Section       84  dcmp.o(x$fpl$fcmp)
    $v0                                      0x000023c2   Number         0  fnaninf.o(x$fpl$fnaninf)
    x$fpl$fnaninf                            0x000023c2   Section      140  fnaninf.o(x$fpl$fnaninf)
    $v0                                      0x0000244e   Number         0  fpinit.o(x$fpl$fpinit)
    x$fpl$fpinit                             0x0000244e   Section       26  fpinit.o(x$fpl$fpinit)
    $v0                                      0x00002468   Number         0  fretinf.o(x$fpl$fretinf)
    x$fpl$fretinf                            0x00002468   Section       10  fretinf.o(x$fpl$fretinf)
    .L.str                                   0x00002472   Data           9  main.o(.rodata.str1.1)
    [Anonymous Symbol]                       0x00002472   Section        0  main.o(.rodata.str1.1)
    x$fpl$usenofp                            0x00002472   Section        0  usenofp.o(x$fpl$usenofp)
    kd                                       0x20000004   Data           4  tuning.o(.data.kd)
    [Anonymous Symbol]                       0x20000004   Section        0  tuning.o(.data.kd)
    ki                                       0x20000008   Data           4  tuning.o(.data.ki)
    [Anonymous Symbol]                       0x20000008   Section        0  tuning.o(.data.ki)
    kp                                       0x2000000c   Data           4  tuning.o(.data.kp)
    [Anonymous Symbol]                       0x2000000c   Section        0  tuning.o(.data.kp)
    .bss                                     0x20000018   Section       96  libspace.o(.bss)
    main.mode                                0x20000190   Data           4  main.o(.bss.main.mode)
    [Anonymous Symbol]                       0x20000190   Section        0  main.o(.bss.main.mode)
    pid_iterate.initialized                  0x20000194   Data           4  pid.o(.bss.pid_iterate.initialized)
    [Anonymous Symbol]                       0x20000194   Section        0  pid.o(.bss.pid_iterate.initialized)
    pid_iterate.last_error                   0x20000198   Data           4  pid.o(.bss.pid_iterate.last_error)
    [Anonymous Symbol]                       0x20000198   Section        0  pid.o(.bss.pid_iterate.last_error)
    Heap_Mem                                 0x200001a0   Data           0  startup_mk64f12.o(HEAP)
    Stack_Mem                                0x200001a0   Data        1024  startup_mk64f12.o(STACK)
    HEAP                                     0x200001a0   Section        0  startup_mk64f12.o(HEAP)
    STACK                                    0x200001a0   Section     1024  startup_mk64f12.o(STACK)
    __initial_sp                             0x200005a0   Data           0  startup_mk64f12.o(STACK)

    Global Symbols

    Symbol Name                              Value     Ov Type        Size  Object(Section)

    BuildAttributes$$THM_ISAv4$E$P$D$K$B$S$7EM$VFPi3$EXTD16$VFPS$VFMA$PE$A:L22UL41UL21$X:L11$S22US41US21$IEEE1$IW$~IW$USESV6$~STKCKD$USESV7$~SHL$OTIME$ROPI$IEEEX$EBA8$UX$STANDARDLIB$REQ8$PRES8$EABIv2 0x00000000   Number         0  anon$$obj.o ABSOLUTE
    __Vectors                                0x00000000   Data           4  startup_mk64f12.o(RESET)
    __ARM_exceptions_init                     - Undefined Weak Reference
    __alloca_initialize                       - Undefined Weak Reference
    __arm_preinit_                            - Undefined Weak Reference
    __cpp_initialize__aeabi_                  - Undefined Weak Reference
    __cxa_finalize                            - Undefined Weak Reference
    __sigvec_lookup                           - Undefined Weak Reference
    __user_heap_extent                        - Undefined Weak Reference
    _atexit_init                              - Undefined Weak Reference
    _call_atexit_fns                          - Undefined Weak Reference
    _clock_init                               - Undefined Weak Reference
    _fp_trap_init                             - Undefined Weak Reference
    _fp_trap_shutdown                         - Undefined Weak Reference
    _get_lc_collate                           - Undefined Weak Reference
    _get_lc_monetary                          - Undefined Weak Reference
    _get_lc_time                              - Undefined Weak Reference
    _getenv_init                              - Undefined Weak Reference
    _handle_redirection                       - Undefined Weak Reference
    _mutex_acquire                            - Undefined Weak Reference
    _mutex_free                               - Undefined Weak Reference
    _mutex_release                            - Undefined Weak Reference
    _rand_init                                - Undefined Weak Reference
    _signal_finish                            - Undefined Weak Reference
    _signal_init                              - Undefined Weak Reference
    __Vectors_End                            0x00000400   Data           0  startup_mk64f12.o(RESET)
    __Vectors_Size                           0x00000400   Number         0  startup_mk64f12.o ABSOLUTE
    __main                                   0x00000411   Thumb Code     8  __main.o(!!!main)
    __scatterload                            0x00000419   Thumb Code     0  __scatter.o(!!!scatter)
    __scatterload_rt2                        0x00000419   Thumb Code    44  __scatter.o(!!!scatter)
    __scatterload_rt2_thumb_only             0x00000419   Thumb Code     0  __scatter.o(!!!scatter)
    __scatterload_null                       0x00000427   Thumb Code     0  __scatter.o(!!!scatter)
    __scatterload_copy                       0x0000044d   Thumb Code    26  __scatter_copy.o(!!handler_copy)
    __scatterload_zeroinit                   0x00000469   Thumb Code    28  __scatter_zi.o(!!handler_zi)
    __rt_lib_init                            0x00000485   Thumb Code     0  libinit.o(.ARM.Collect$$libinit$$00000000)
    __rt_lib_init_fp_1                       0x00000487   Thumb Code     0  libinit2.o(.ARM.Collect$$libinit$$00000001)
    __rt_lib_init_alloca_1                   0x0000048b   Thumb Code     0  libinit2.o(.ARM.Collect$$libinit$$0000002E)
    __rt_lib_init_argv_1                     0x0000048b   Thumb Code     0  libinit2.o(.ARM.Collect$$libinit$$0000002C)
    __rt_lib_init_atexit_1                   0x0000048b   Thumb Code     0  libinit2.o(.ARM.Collect$$libinit$$0000001B)
    __rt_lib_init_clock_1                    0x0000048b   Thumb Code     0  libinit2.o(.ARM.Collect$$libinit$$00000021)
    __rt_lib_init_cpp_1                      0x0000048b   Thumb Code     0  libinit2.o(.ARM.Collect$$libinit$$00000032)
    __rt_lib_init_exceptions_1               0x0000048b   Thumb Code     0  libinit2.o(.ARM.Collect$$libinit$$00000030)
    __rt_lib_init_fp_trap_1                  0x0000048b   Thumb Code     0  libinit2.o(.ARM.Collect$$libinit$$0000001F)
    __rt_lib_init_getenv_1                   0x0000048b   Thumb Code     0  libinit2.o(.ARM.Collect$$libinit$$00000023)
    __rt_lib_init_heap_1                     0x0000048b   Thumb Code     0  libinit2.o(.ARM.Collect$$libinit$$0000000A)
    __rt_lib_init_lc_collate_1               0x0000048b   Thumb Code     0  libinit2.o(.ARM.Collect$$libinit$$00000011)
    __rt_lib_init_lc_ctype_1                 0x0000048b   Thumb Code     0  libinit2.o(.ARM.Collect$$libinit$$00000013)
    __rt_lib_init_lc_monetary_1              0x0000048b   Thumb Code     0  libinit2.o(.ARM.Collect$$libinit$$00000015)
    __rt_lib_init_lc_numeric_1               0x0000048b   Thumb Code     0  libinit2.o(.ARM.Collect$$libinit$$00000017)
    __rt_lib_init_lc_time_1                  0x0000048b   Thumb Code     0  libinit2.o(.ARM.Collect$$libinit$$00000019)
    __rt_lib_init_preinit_1                  0x0000048b   Thumb Code     0  libinit2.o(.ARM.Collect$$libinit$$00000004)
    __rt_lib_init_rand_1                     0x0000048b   Thumb Code     0  libinit2.o(.ARM.Collect$$libinit$$0000000E)
    __rt_lib_init_return                     0x0000048b   Thumb Code     0  libinit2.o(.ARM.Collect$$libinit$$00000033)
    __rt_lib_init_signal_1                   0x0000048b   Thumb Code     0  libinit2.o(.ARM.Collect$$libinit$$0000001D)
    __rt_lib_init_stdio_1                    0x0000048b   Thumb Code     0  libinit2.o(.ARM.Collect$$libinit$$00000025)
    __rt_lib_init_user_alloc_1               0x0000048b   Thumb Code     0  libinit2.o(.ARM.Collect$$libinit$$0000000C)
    __rt_lib_shutdown                        0x0000048d   Thumb Code     0  libshutdown.o(.ARM.Collect$$libshutdown$$00000000)
    __rt_lib_shutdown_cpp_1                  0x0000048f   Thumb Code     0  libshutdown2.o(.ARM.Collect$$libshutdown$$00000002)
    __rt_lib_shutdown_fp_trap_1              0x0000048f   Thumb Code     0  libshutdown2.o(.ARM.Collect$$libshutdown$$00000007)
    __rt_lib_shutdown_heap_1                 0x0000048f   Thumb Code     0  libshutdown2.o(.ARM.Collect$$libshutdown$$0000000F)
    __rt_lib_shutdown_return                 0x0000048f   Thumb Code     0  libshutdown2.o(.ARM.Collect$$libshutdown$$00000010)
    __rt_lib_shutdown_signal_1               0x0000048f   Thumb Code     0  libshutdown2.o(.ARM.Collect$$libshutdown$$0000000A)
    __rt_lib_shutdown_stdio_1                0x0000048f   Thumb Code     0  libshutdown2.o(.ARM.Collect$$libshutdown$$00000004)
    __rt_lib_shutdown_user_alloc_1           0x0000048f   Thumb Code     0  libshutdown2.o(.ARM.Collect$$libshutdown$$0000000C)
    __rt_entry                               0x00000491   Thumb Code     0  __rtentry.o(.ARM.Collect$$rtentry$$00000000)
    __rt_entry_presh_1                       0x00000491   Thumb Code     0  __rtentry2.o(.ARM.Collect$$rtentry$$00000002)
    __rt_entry_sh                            0x00000491   Thumb Code     0  __rtentry4.o(.ARM.Collect$$rtentry$$00000004)
    __rt_entry_li                            0x00000497   Thumb Code     0  __rtentry2.o(.ARM.Collect$$rtentry$$0000000A)
    __rt_entry_postsh_1                      0x00000497   Thumb Code     0  __rtentry2.o(.ARM.Collect$$rtentry$$00000009)
    __rt_entry_main                          0x0000049b   Thumb Code     0  __rtentry2.o(.ARM.Collect$$rtentry$$0000000D)
    __rt_entry_postli_1                      0x0000049b   Thumb Code     0  __rtentry2.o(.ARM.Collect$$rtentry$$0000000C)
    __rt_exit                                0x000004a3   Thumb Code     0  rtexit.o(.ARM.Collect$$rtexit$$00000000)
    __rt_exit_ls                             0x000004a5   Thumb Code     0  rtexit2.o(.ARM.Collect$$rtexit$$00000003)
    __rt_exit_prels_1                        0x000004a5   Thumb Code     0  rtexit2.o(.ARM.Collect$$rtexit$$00000002)
    __rt_exit_exit                           0x000004a9   Thumb Code     0  rtexit2.o(.ARM.Collect$$rtexit$$00000004)
    init_data_bss                            0x000004b1   Thumb Code     2  startup_mk64f12.o(.text)
    Reset_Handler                            0x000004b3   Thumb Code    12  startup_mk64f12.o(.text)
    NMI_Handler                              0x000004bf   Thumb Code     2  startup_mk64f12.o(.text)
    HardFault_Handler                        0x000004c1   Thumb Code     2  startup_mk64f12.o(.text)
    MemManage_Handler                        0x000004c3   Thumb Code     2  startup_mk64f12.o(.text)
    BusFault_Handler                         0x000004c5   Thumb Code     2  startup_mk64f12.o(.text)
    UsageFault_Handler                       0x000004c7   Thumb Code     2  startup_mk64f12.o(.text)
    SVC_Handler                              0x000004c9   Thumb Code     2  startup_mk64f12.o(.text)
    DebugMon_Handler                         0x000004cb   Thumb Code     2  startup_mk64f12.o(.text)
    PendSV_Handler                           0x000004cd   Thumb Code     2  startup_mk64f12.o(.text)
    SysTick_Handler                          0x000004cf   Thumb Code     2  startup_mk64f12.o(.text)
    ADC1_IRQHandler                          0x000004d1   Thumb Code     0  startup_mk64f12.o(.text)
    CAN0_Bus_Off_IRQHandler                  0x000004d1   Thumb Code     0  startup_mk64f12.o(.text)
    CAN0_Error_IRQHandler                    0x000004d1   Thumb Code     0  startup_mk64f12.o(.text)
    CAN0_ORed_Message_buffer_IRQHandler      0x000004d1   Thumb Code     0  startup_mk64f12.o(.text)
    CAN0_Rx_Warning_IRQHandler               0x000004d1   Thumb Code     0  startup_mk64f12.o(.text)
    CAN0_Tx_Warning_IRQHandler               0x000004d1   Thumb Code     0  startup_mk64f12.o(.text)
    CAN0_Wake_Up_IRQHandler                  0x000004d1   Thumb Code     0  startup_mk64f12.o(.text)
    CMP0_IRQHandler                          0x000004d1   Thumb Code     0  startup_mk64f12.o(.text)
    CMP1_IRQHandler                          0x000004d1   Thumb Code     0  startup_mk64f12.o(.text)
    CMP2_IRQHandler                          0x000004d1   Thumb Code     0  startup_mk64f12.o(.text)
    CMT_IRQHandler                           0x000004d1   Thumb Code     0  startup_mk64f12.o(.text)
    DAC0_IRQHandler                          0x000004d1   Thumb Code     0  startup_mk64f12.o(.text)
    DAC1_IRQHandler                          0x000004d1   Thumb Code     0  startup_mk64f12.o(.text)
    DMA0_IRQHandler                          0x000004d1   Thumb Code     0  startup_mk64f12.o(.text)
    DMA10_IRQHandler                         0x000004d1   Thumb Code     0  startup_mk64f12.o(.text)
    DMA11_IRQHandler                         0x000004d1   Thumb Code     0  startup_mk64f12.o(.text)
    DMA12_IRQHandler                         0x000004d1   Thumb Code     0  startup_mk64f12.o(.text)
    DMA13_IRQHandler                         0x000004d1   Thumb Code     0  startup_mk64f12.o(.text)
    DMA14_IRQHandler                         0x000004d1   Thumb Code     0  startup_mk64f12.o(.text)
    DMA15_IRQHandler                         0x000004d1   Thumb Code     0  startup_mk64f12.o(.text)
    DMA1_IRQHandler                          0x000004d1   Thumb Code     0  startup_mk64f12.o(.text)
    DMA2_IRQHandler                          0x000004d1   Thumb Code     0  startup_mk64f12.o(.text)
    DMA3_IRQHandler                          0x000004d1   Thumb Code     0  startup_mk64f12.o(.text)
    DMA4_IRQHandler                          0x000004d1   Thumb Code     0  startup_mk64f12.o(.text)
    DMA5_IRQHandler                          0x000004d1   Thumb Code     0  startup_mk64f12.o(.text)
    DMA6_IRQHandler                          0x000004d1   Thumb Code     0  startup_mk64f12.o(.text)
    DMA7_IRQHandler                          0x000004d1   Thumb Code     0  startup_mk64f12.o(.text)
    DMA8_IRQHandler                          0x000004d1   Thumb Code     0  startup_mk64f12.o(.text)
    DMA9_IRQHandler                          0x000004d1   Thumb Code     0  startup_mk64f12.o(.text)
    DMA_Error_IRQHandler                     0x000004d1   Thumb Code     0  startup_mk64f12.o(.text)
    DefaultISR                               0x000004d1   Thumb Code     0  startup_mk64f12.o(.text)
    ENET_1588_Timer_IRQHandler               0x000004d1   Thumb Code     0  startup_mk64f12.o(.text)
    ENET_Error_IRQHandler                    0x000004d1   Thumb Code     0  startup_mk64f12.o(.text)
    ENET_Receive_IRQHandler                  0x000004d1   Thumb Code     0  startup_mk64f12.o(.text)
    ENET_Transmit_IRQHandler                 0x000004d1   Thumb Code     0  startup_mk64f12.o(.text)
    FTFE_IRQHandler                          0x000004d1   Thumb Code     0  startup_mk64f12.o(.text)
    FTM0_IRQHandler                          0x000004d1   Thumb Code     0  startup_mk64f12.o(.text)
    FTM1_IRQHandler                          0x000004d1   Thumb Code     0  startup_mk64f12.o(.text)
    FTM3_IRQHandler                          0x000004d1   Thumb Code     0  startup_mk64f12.o(.text)
    I2C0_IRQHandler                          0x000004d1   Thumb Code     0  startup_mk64f12.o(.text)
    I2C1_IRQHandler                          0x000004d1   Thumb Code     0  startup_mk64f12.o(.text)
    I2C2_IRQHandler                          0x000004d1   Thumb Code     0  startup_mk64f12.o(.text)
    I2S0_Rx_IRQHandler                       0x000004d1   Thumb Code     0  startup_mk64f12.o(.text)
    I2S0_Tx_IRQHandler                       0x000004d1   Thumb Code     0  startup_mk64f12.o(.text)
    LLW_IRQHandler                           0x000004d1   Thumb Code     0  startup_mk64f12.o(.text)
    LPTimer_IRQHandler                       0x000004d1   Thumb Code     0  startup_mk64f12.o(.text)
    LVD_LVW_IRQHandler                       0x000004d1   Thumb Code     0  startup_mk64f12.o(.text)
    MCG_IRQHandler                           0x000004d1   Thumb Code     0  startup_mk64f12.o(.text)
    MCM_IRQHandler                           0x000004d1   Thumb Code     0  startup_mk64f12.o(.text)
    PDB0_IRQHandler                          0x000004d1   Thumb Code     0  startup_mk64f12.o(.text)
    PIT1_IRQHandler                          0x000004d1   Thumb Code     0  startup_mk64f12.o(.text)
    PIT2_IRQHandler                          0x000004d1   Thumb Code     0  startup_mk64f12.o(.text)
    PIT3_IRQHandler                          0x000004d1   Thumb Code     0  startup_mk64f12.o(.text)
    PORTA_IRQHandler                         0x000004d1   Thumb Code     0  startup_mk64f12.o(.text)
    PORTB_IRQHandler                         0x000004d1   Thumb Code     0  startup_mk64f12.o(.text)
    PORTC_IRQHandler                         0x000004d1   Thumb Code     0  startup_mk64f12.o(.text)
    PORTD_IRQHandler                         0x000004d1   Thumb Code     0  startup_mk64f12.o(.text)
    PORTE_IRQHandler                         0x000004d1   Thumb Code     0  startup_mk64f12.o(.text)
    RNG_IRQHandler                           0x000004d1   Thumb Code     0  startup_mk64f12.o(.text)
    RTC_IRQHandler                           0x000004d1   Thumb Code     0  startup_mk64f12.o(.text)
    RTC_Seconds_IRQHandler                   0x000004d1   Thumb Code     0  startup_mk64f12.o(.text)
    Read_Collision_IRQHandler                0x000004d1   Thumb Code     0  startup_mk64f12.o(.text)
    Reserved71_IRQHandler                    0x000004d1   Thumb Code     0  startup_mk64f12.o(.text)
    SDHC_IRQHandler                          0x000004d1   Thumb Code     0  startup_mk64f12.o(.text)
    SPI0_IRQHandler                          0x000004d1   Thumb Code     0  startup_mk64f12.o(.text)
    SPI1_IRQHandler                          0x000004d1   Thumb Code     0  startup_mk64f12.o(.text)
    SPI2_IRQHandler                          0x000004d1   Thumb Code     0  startup_mk64f12.o(.text)
    SWI_IRQHandler                           0x000004d1   Thumb Code     0  startup_mk64f12.o(.text)
    UART0_ERR_IRQHandler                     0x000004d1   Thumb Code     0  startup_mk64f12.o(.text)
    UART0_LON_IRQHandler                     0x000004d1   Thumb Code     0  startup_mk64f12.o(.text)
    UART0_RX_TX_IRQHandler                   0x000004d1   Thumb Code     0  startup_mk64f12.o(.text)
    UART1_ERR_IRQHandler                     0x000004d1   Thumb Code     0  startup_mk64f12.o(.text)
    UART1_RX_TX_IRQHandler                   0x000004d1   Thumb Code     0  startup_mk64f12.o(.text)
    UART2_ERR_IRQHandler                     0x000004d1   Thumb Code     0  startup_mk64f12.o(.text)
    UART2_RX_TX_IRQHandler                   0x000004d1   Thumb Code     0  startup_mk64f12.o(.text)
    UART3_ERR_IRQHandler                     0x000004d1   Thumb Code     0  startup_mk64f12.o(.text)
    UART3_RX_TX_IRQHandler                   0x000004d1   Thumb Code     0  startup_mk64f12.o(.text)
    UART4_ERR_IRQHandler                     0x000004d1   Thumb Code     0  startup_mk64f12.o(.text)
    UART4_RX_TX_IRQHandler                   0x000004d1   Thumb Code     0  startup_mk64f12.o(.text)
    UART5_ERR_IRQHandler                     0x000004d1   Thumb Code     0  startup_mk64f12.o(.text)
    UART5_RX_TX_IRQHandler                   0x000004d1   Thumb Code     0  startup_mk64f12.o(.text)
    USB0_IRQHandler                          0x000004d1   Thumb Code     0  startup_mk64f12.o(.text)
    USBDCD_IRQHandler                        0x000004d1   Thumb Code     0  startup_mk64f12.o(.text)
    Watchdog_IRQHandler                      0x000004d1   Thumb Code     0  startup_mk64f12.o(.text)
    __user_initial_stackheap                 0x000004d5   Thumb Code     0  startup_mk64f12.o(.text)
    __use_two_region_memory                  0x000004f9   Thumb Code     2  heapauxi.o(.text)
    __rt_heap_escrow                         0x000004fb   Thumb Code     2  heapauxi.o(.text)
    __rt_heap_expand                         0x000004fd   Thumb Code     2  heapauxi.o(.text)
    __user_setup_stackheap                   0x000004ff   Thumb Code    74  sys_stackheap_outer.o(.text)
    exit                                     0x00000549   Thumb Code    18  exit.o(.text)
    __user_libspace                          0x0000055d   Thumb Code     8  libspace.o(.text)
    __user_perproc_libspace                  0x0000055d   Thumb Code     0  libspace.o(.text)
    __user_perthread_libspace                0x0000055d   Thumb Code     0  libspace.o(.text)
    _sys_exit                                0x00000565   Thumb Code     8  sys_exit.o(.text)
    __I$use$semihosting                      0x00000571   Thumb Code     0  use_no_semi.o(.text)
    __use_no_semihosting_swi                 0x00000571   Thumb Code     2  use_no_semi.o(.text)
    __semihosting_library_function           0x00000573   Thumb Code     0  indicate_semi.o(.text)
    ADC0_IRQHandler                          0x00000575   Thumb Code    24  camera.o(.text.ADC0_IRQHandler)
    Camera_capture                           0x0000058d   Thumb Code    64  camera.o(.text.Camera_capture)
    Camera_get_light_level                   0x000005d1   Thumb Code    96  camera.o(.text.Camera_get_light_level)
    Camera_init                              0x00000631   Thumb Code    20  camera.o(.text.Camera_init)
    DriveMotorA_enable                       0x00000645   Thumb Code    34  drivemotor.o(.text.DriveMotorA_enable)
    DriveMotorA_set_duty_cycle               0x00000669   Thumb Code   110  drivemotor.o(.text.DriveMotorA_set_duty_cycle)
    DriveMotorB_enable                       0x000006d9   Thumb Code    34  drivemotor.o(.text.DriveMotorB_enable)
    DriveMotorB_set_duty_cycle               0x000006fd   Thumb Code   110  drivemotor.o(.text.DriveMotorB_set_duty_cycle)
    DriveMotor_init                          0x0000076d   Thumb Code   298  drivemotor.o(.text.DriveMotor_init)
    FTM2_IRQHandler                          0x00000899   Thumb Code   340  camera.o(.text.FTM2_IRQHandler)
    LED_Init                                 0x000009ed   Thumb Code    90  leds.o(.text.LED_Init)
    LED_Off                                  0x00000a49   Thumb Code    30  leds.o(.text.LED_Off)
    LED_On                                   0x00000a69   Thumb Code   216  leds.o(.text.LED_On)
    PIT0_IRQHandler                          0x00000b41   Thumb Code    78  camera.o(.text.PIT0_IRQHandler)
    Steering_init                            0x00000b91   Thumb Code   136  steering.o(.text.Steering_init)
    Steering_set_direction                   0x00000c19   Thumb Code   152  steering.o(.text.Steering_set_direction)
    Switch2_Init                             0x00000cb1   Thumb Code    66  switch.o(.text.Switch2_Init)
    Switch2_Pressed                          0x00000cf5   Thumb Code    44  switch.o(.text.Switch2_Pressed)
    Switch3_Init                             0x00000d21   Thumb Code    74  switch.o(.text.Switch3_Init)
    Switch3_Pressed                          0x00000d6d   Thumb Code    44  switch.o(.text.Switch3_Pressed)
    SystemInit                               0x00000d99   Thumb Code   230  system_mk64f12.o(.text.SystemInit)
    Tuning_get_kd                            0x00000e81   Thumb Code    14  tuning.o(.text.Tuning_get_kd)
    Tuning_get_ki                            0x00000e91   Thumb Code    14  tuning.o(.text.Tuning_get_ki)
    Tuning_get_kp                            0x00000ea1   Thumb Code    14  tuning.o(.text.Tuning_get_kp)
    delay                                    0x00000f15   Thumb Code    40  main.o(.text.delay)
    init_ADC0                                0x00000f6d   Thumb Code   290  camera.o(.text.init_ADC0)
    init_FTM2                                0x00001091   Thumb Code   220  camera.o(.text.init_FTM2)
    init_GPIO                                0x0000116d   Thumb Code    88  camera.o(.text.init_GPIO)
    init_PIT                                 0x000011c5   Thumb Code   100  camera.o(.text.init_PIT)
    main                                     0x00001229   Thumb Code  1028  main.o(.text.main)
    pid_iterate                              0x000016e1   Thumb Code   248  pid.o(.text.pid_iterate)
    set_duty_cycle                           0x00001809   Thumb Code    56  steering.o(.text.set_duty_cycle)
    uart0_init                               0x00001841   Thumb Code   206  uart.o(.text.uart0_init)
    uart0_put                                0x00001911   Thumb Code    36  uart.o(.text.uart0_put)
    uart0_putchar                            0x00001935   Thumb Code    48  uart.o(.text.uart0_putchar)
    __aeabi_d2f                              0x00001965   Thumb Code     0  d2f.o(x$fpl$d2f)
    _d2f                                     0x00001965   Thumb Code    98  d2f.o(x$fpl$d2f)
    __aeabi_dadd                             0x000019c9   Thumb Code     0  daddsub_clz.o(x$fpl$dadd)
    _dadd                                    0x000019c9   Thumb Code   332  daddsub_clz.o(x$fpl$dadd)
    __fpl_dcmp_Inf                           0x00001b19   Thumb Code    24  dcmpi.o(x$fpl$dcmpinf)
    __aeabi_ddiv                             0x00001b31   Thumb Code     0  ddiv.o(x$fpl$ddiv)
    _ddiv                                    0x00001b31   Thumb Code   552  ddiv.o(x$fpl$ddiv)
    __aeabi_cdcmpeq                          0x00001de1   Thumb Code     0  deqf.o(x$fpl$deqf)
    _dcmpeq                                  0x00001de1   Thumb Code   120  deqf.o(x$fpl$deqf)
    __aeabi_cdcmpge                          0x00001e59   Thumb Code     0  dgeqf.o(x$fpl$dgeqf)
    _dcmpge                                  0x00001e59   Thumb Code   120  dgeqf.o(x$fpl$dgeqf)
    __aeabi_cdcmple                          0x00001ed1   Thumb Code     0  dleqf.o(x$fpl$dleqf)
    _dcmple                                  0x00001ed1   Thumb Code   120  dleqf.o(x$fpl$dleqf)
    __fpl_dcmple_InfNaN                      0x00001f33   Thumb Code     0  dleqf.o(x$fpl$dleqf)
    __aeabi_dmul                             0x00001f49   Thumb Code     0  dmul.o(x$fpl$dmul)
    _dmul                                    0x00001f49   Thumb Code   332  dmul.o(x$fpl$dmul)
    __fpl_dnaninf                            0x0000209d   Thumb Code   156  dnaninf.o(x$fpl$dnaninf)
    __fpl_dretinf                            0x00002139   Thumb Code    12  dretinf.o(x$fpl$dretinf)
    __aeabi_dsub                             0x00002145   Thumb Code     0  daddsub_clz.o(x$fpl$dsub)
    _dsub                                    0x00002145   Thumb Code   464  daddsub_clz.o(x$fpl$dsub)
    __aeabi_f2d                              0x00002319   Thumb Code     0  f2d.o(x$fpl$f2d)
    _f2d                                     0x00002319   Thumb Code    86  f2d.o(x$fpl$f2d)
    __aeabi_dcmpeq                           0x0000236f   Thumb Code     0  dcmp.o(x$fpl$fcmp)
    _deq                                     0x0000236f   Thumb Code    14  dcmp.o(x$fpl$fcmp)
    _dneq                                    0x0000237d   Thumb Code    14  dcmp.o(x$fpl$fcmp)
    __aeabi_dcmpgt                           0x0000238b   Thumb Code     0  dcmp.o(x$fpl$fcmp)
    _dgr                                     0x0000238b   Thumb Code    14  dcmp.o(x$fpl$fcmp)
    __aeabi_dcmpge                           0x00002399   Thumb Code     0  dcmp.o(x$fpl$fcmp)
    _dgeq                                    0x00002399   Thumb Code    14  dcmp.o(x$fpl$fcmp)
    __aeabi_dcmple                           0x000023a7   Thumb Code     0  dcmp.o(x$fpl$fcmp)
    _dleq                                    0x000023a7   Thumb Code    14  dcmp.o(x$fpl$fcmp)
    __aeabi_dcmplt                           0x000023b5   Thumb Code     0  dcmp.o(x$fpl$fcmp)
    _dls                                     0x000023b5   Thumb Code    14  dcmp.o(x$fpl$fcmp)
    __fpl_fnaninf                            0x000023c3   Thumb Code   140  fnaninf.o(x$fpl$fnaninf)
    _fp_init                                 0x0000244f   Thumb Code    26  fpinit.o(x$fpl$fpinit)
    __fplib_config_fpu_vfp                   0x00002467   Thumb Code     0  fpinit.o(x$fpl$fpinit)
    __fplib_config_pureend_doubles           0x00002467   Thumb Code     0  fpinit.o(x$fpl$fpinit)
    __fpl_fretinf                            0x00002469   Thumb Code    10  fretinf.o(x$fpl$fretinf)
    __I$use$fp                               0x00002472   Number         0  usenofp.o(x$fpl$usenofp)
    Region$$Table$$Base                      0x0000247c   Number         0  anon$$obj.o(Region$$Table)
    Region$$Table$$Limit                     0x0000249c   Number         0  anon$$obj.o(Region$$Table)
    debugcamdata                             0x20000000   Data           4  camera.o(.data.debugcamdata)
    pixcnt                                   0x20000010   Data           4  camera.o(.data.pixcnt)
    __libspace_start                         0x20000018   Data          96  libspace.o(.bss)
    ADC0VAL                                  0x20000078   Data           2  camera.o(.bss.ADC0VAL)
    __temporary_stack_top$libspace           0x20000078   Data           0  libspace.o(.bss)
    D                                        0x2000007c   Data           4  pid.o(.bss.D)
    I                                        0x20000080   Data           4  pid.o(.bss.I)
    P                                        0x20000084   Data           4  pid.o(.bss.P)
    capcnt                                   0x20000088   Data           4  camera.o(.bss.capcnt)
    clkval                                   0x2000008c   Data           4  camera.o(.bss.clkval)
    line                                     0x20000090   Data         256  camera.o(.bss.line)



==============================================================================

Memory Map of the image

  Image Entry point : 0x000004b3

  Load Region LR_1 (Base: 0x00000000, Size: 0x000024b0, Max: 0xffffffff, ABSOLUTE)

    Execution Region ER_RO (Exec base: 0x00000000, Load base: 0x00000000, Size: 0x0000249c, Max: 0xffffffff, ABSOLUTE)

    Exec Addr    Load Addr    Size         Type   Attr      Idx    E Section Name        Object

    0x00000000   0x00000000   0x00000400   Data   RO          177    RESET               startup_mk64f12.o
    0x00000400   0x00000400   0x00000010   Code   RO          178    .ARM.__at_0x400     startup_mk64f12.o
    0x00000410   0x00000410   0x00000008   Code   RO          205  * !!!main             c_w.l(__main.o)
    0x00000418   0x00000418   0x00000034   Code   RO          763    !!!scatter          c_w.l(__scatter.o)
    0x0000044c   0x0000044c   0x0000001a   Code   RO          765    !!handler_copy      c_w.l(__scatter_copy.o)
    0x00000466   0x00000466   0x00000002   PAD
    0x00000468   0x00000468   0x0000001c   Code   RO          767    !!handler_zi        c_w.l(__scatter_zi.o)
    0x00000484   0x00000484   0x00000002   Code   RO          454    .ARM.Collect$$libinit$$00000000  c_w.l(libinit.o)
    0x00000486   0x00000486   0x00000004   Code   RO          455    .ARM.Collect$$libinit$$00000001  c_w.l(libinit2.o)
    0x0000048a   0x0000048a   0x00000000   Code   RO          458    .ARM.Collect$$libinit$$00000004  c_w.l(libinit2.o)
    0x0000048a   0x0000048a   0x00000000   Code   RO          461    .ARM.Collect$$libinit$$0000000A  c_w.l(libinit2.o)
    0x0000048a   0x0000048a   0x00000000   Code   RO          463    .ARM.Collect$$libinit$$0000000C  c_w.l(libinit2.o)
    0x0000048a   0x0000048a   0x00000000   Code   RO          465    .ARM.Collect$$libinit$$0000000E  c_w.l(libinit2.o)
    0x0000048a   0x0000048a   0x00000000   Code   RO          468    .ARM.Collect$$libinit$$00000011  c_w.l(libinit2.o)
    0x0000048a   0x0000048a   0x00000000   Code   RO          470    .ARM.Collect$$libinit$$00000013  c_w.l(libinit2.o)
    0x0000048a   0x0000048a   0x00000000   Code   RO          472    .ARM.Collect$$libinit$$00000015  c_w.l(libinit2.o)
    0x0000048a   0x0000048a   0x00000000   Code   RO          474    .ARM.Collect$$libinit$$00000017  c_w.l(libinit2.o)
    0x0000048a   0x0000048a   0x00000000   Code   RO          476    .ARM.Collect$$libinit$$00000019  c_w.l(libinit2.o)
    0x0000048a   0x0000048a   0x00000000   Code   RO          478    .ARM.Collect$$libinit$$0000001B  c_w.l(libinit2.o)
    0x0000048a   0x0000048a   0x00000000   Code   RO          480    .ARM.Collect$$libinit$$0000001D  c_w.l(libinit2.o)
    0x0000048a   0x0000048a   0x00000000   Code   RO          482    .ARM.Collect$$libinit$$0000001F  c_w.l(libinit2.o)
    0x0000048a   0x0000048a   0x00000000   Code   RO          484    .ARM.Collect$$libinit$$00000021  c_w.l(libinit2.o)
    0x0000048a   0x0000048a   0x00000000   Code   RO          486    .ARM.Collect$$libinit$$00000023  c_w.l(libinit2.o)
    0x0000048a   0x0000048a   0x00000000   Code   RO          488    .ARM.Collect$$libinit$$00000025  c_w.l(libinit2.o)
    0x0000048a   0x0000048a   0x00000000   Code   RO          492    .ARM.Collect$$libinit$$0000002C  c_w.l(libinit2.o)
    0x0000048a   0x0000048a   0x00000000   Code   RO          494    .ARM.Collect$$libinit$$0000002E  c_w.l(libinit2.o)
    0x0000048a   0x0000048a   0x00000000   Code   RO          496    .ARM.Collect$$libinit$$00000030  c_w.l(libinit2.o)
    0x0000048a   0x0000048a   0x00000000   Code   RO          498    .ARM.Collect$$libinit$$00000032  c_w.l(libinit2.o)
    0x0000048a   0x0000048a   0x00000002   Code   RO          499    .ARM.Collect$$libinit$$00000033  c_w.l(libinit2.o)
    0x0000048c   0x0000048c   0x00000002   Code   RO          720    .ARM.Collect$$libshutdown$$00000000  c_w.l(libshutdown.o)
    0x0000048e   0x0000048e   0x00000000   Code   RO          501    .ARM.Collect$$libshutdown$$00000002  c_w.l(libshutdown2.o)
    0x0000048e   0x0000048e   0x00000000   Code   RO          503    .ARM.Collect$$libshutdown$$00000004  c_w.l(libshutdown2.o)
    0x0000048e   0x0000048e   0x00000000   Code   RO          506    .ARM.Collect$$libshutdown$$00000007  c_w.l(libshutdown2.o)
    0x0000048e   0x0000048e   0x00000000   Code   RO          509    .ARM.Collect$$libshutdown$$0000000A  c_w.l(libshutdown2.o)
    0x0000048e   0x0000048e   0x00000000   Code   RO          511    .ARM.Collect$$libshutdown$$0000000C  c_w.l(libshutdown2.o)
    0x0000048e   0x0000048e   0x00000000   Code   RO          514    .ARM.Collect$$libshutdown$$0000000F  c_w.l(libshutdown2.o)
    0x0000048e   0x0000048e   0x00000002   Code   RO          515    .ARM.Collect$$libshutdown$$00000010  c_w.l(libshutdown2.o)
    0x00000490   0x00000490   0x00000000   Code   RO          225    .ARM.Collect$$rtentry$$00000000  c_w.l(__rtentry.o)
    0x00000490   0x00000490   0x00000000   Code   RO          264    .ARM.Collect$$rtentry$$00000002  c_w.l(__rtentry2.o)
    0x00000490   0x00000490   0x00000006   Code   RO          276    .ARM.Collect$$rtentry$$00000004  c_w.l(__rtentry4.o)
    0x00000496   0x00000496   0x00000000   Code   RO          266    .ARM.Collect$$rtentry$$00000009  c_w.l(__rtentry2.o)
    0x00000496   0x00000496   0x00000004   Code   RO          267    .ARM.Collect$$rtentry$$0000000A  c_w.l(__rtentry2.o)
    0x0000049a   0x0000049a   0x00000000   Code   RO          269    .ARM.Collect$$rtentry$$0000000C  c_w.l(__rtentry2.o)
    0x0000049a   0x0000049a   0x00000008   Code   RO          270    .ARM.Collect$$rtentry$$0000000D  c_w.l(__rtentry2.o)
    0x000004a2   0x000004a2   0x00000002   Code   RO          545    .ARM.Collect$$rtexit$$00000000  c_w.l(rtexit.o)
    0x000004a4   0x000004a4   0x00000000   Code   RO          650    .ARM.Collect$$rtexit$$00000002  c_w.l(rtexit2.o)
    0x000004a4   0x000004a4   0x00000004   Code   RO          651    .ARM.Collect$$rtexit$$00000003  c_w.l(rtexit2.o)
    0x000004a8   0x000004a8   0x00000006   Code   RO          652    .ARM.Collect$$rtexit$$00000004  c_w.l(rtexit2.o)
    0x000004ae   0x000004ae   0x00000002   PAD
    0x000004b0   0x000004b0   0x00000048   Code   RO          179  * .text               startup_mk64f12.o
    0x000004f8   0x000004f8   0x00000006   Code   RO          203    .text               c_w.l(heapauxi.o)
    0x000004fe   0x000004fe   0x0000004a   Code   RO          315    .text               c_w.l(sys_stackheap_outer.o)
    0x00000548   0x00000548   0x00000012   Code   RO          439    .text               c_w.l(exit.o)
    0x0000055a   0x0000055a   0x00000002   PAD
    0x0000055c   0x0000055c   0x00000008   Code   RO          542    .text               c_w.l(libspace.o)
    0x00000564   0x00000564   0x0000000c   Code   RO          642    .text               c_w.l(sys_exit.o)
    0x00000570   0x00000570   0x00000002   Code   RO          646    .text               c_w.l(use_no_semi.o)
    0x00000572   0x00000572   0x00000000   Code   RO          648    .text               c_w.l(indicate_semi.o)
    0x00000572   0x00000572   0x00000002   PAD
    0x00000574   0x00000574   0x00000018   Code   RO           48    .text.ADC0_IRQHandler  camera.o
    0x0000058c   0x0000058c   0x00000040   Code   RO           66    .text.Camera_capture  camera.o
    0x000005cc   0x000005cc   0x00000004   PAD
    0x000005d0   0x000005d0   0x00000060   Code   RO           68    .text.Camera_get_light_level  camera.o
    0x00000630   0x00000630   0x00000014   Code   RO           64    .text.Camera_init   camera.o
    0x00000644   0x00000644   0x00000022   Code   RO            4    .text.DriveMotorA_enable  drivemotor.o
    0x00000666   0x00000666   0x00000002   PAD
    0x00000668   0x00000668   0x0000006e   Code   RO           10    .text.DriveMotorA_set_duty_cycle  drivemotor.o
    0x000006d6   0x000006d6   0x00000002   PAD
    0x000006d8   0x000006d8   0x00000022   Code   RO            6    .text.DriveMotorB_enable  drivemotor.o
    0x000006fa   0x000006fa   0x00000002   PAD
    0x000006fc   0x000006fc   0x0000006e   Code   RO            8    .text.DriveMotorB_set_duty_cycle  drivemotor.o
    0x0000076a   0x0000076a   0x00000002   PAD
    0x0000076c   0x0000076c   0x0000012a   Code   RO            2    .text.DriveMotor_init  drivemotor.o
    0x00000896   0x00000896   0x00000002   PAD
    0x00000898   0x00000898   0x00000154   Code   RO           50    .text.FTM2_IRQHandler  camera.o
    0x000009ec   0x000009ec   0x0000005a   Code   RO          144    .text.LED_Init      leds.o
    0x00000a46   0x00000a46   0x00000002   PAD
    0x00000a48   0x00000a48   0x0000001e   Code   RO          142    .text.LED_Off       leds.o
    0x00000a66   0x00000a66   0x00000002   PAD
    0x00000a68   0x00000a68   0x000000d8   Code   RO          146    .text.LED_On        leds.o
    0x00000b40   0x00000b40   0x0000004e   Code   RO           52    .text.PIT0_IRQHandler  camera.o
    0x00000b8e   0x00000b8e   0x00000002   PAD
    0x00000b90   0x00000b90   0x00000088   Code   RO           19    .text.Steering_init  steering.o
    0x00000c18   0x00000c18   0x00000098   Code   RO           23    .text.Steering_set_direction  steering.o
    0x00000cb0   0x00000cb0   0x00000042   Code   RO          161    .text.Switch2_Init  switch.o
    0x00000cf2   0x00000cf2   0x00000002   PAD
    0x00000cf4   0x00000cf4   0x0000002c   Code   RO          165    .text.Switch2_Pressed  switch.o
    0x00000d20   0x00000d20   0x0000004a   Code   RO          163    .text.Switch3_Init  switch.o
    0x00000d6a   0x00000d6a   0x00000002   PAD
    0x00000d6c   0x00000d6c   0x0000002c   Code   RO          167    .text.Switch3_Pressed  switch.o
    0x00000d98   0x00000d98   0x000000e6   Code   RO          188    .text.SystemInit    system_mk64f12.o
    0x00000e7e   0x00000e7e   0x00000002   PAD
    0x00000e80   0x00000e80   0x0000000e   Code   RO          127    .text.Tuning_get_kd  tuning.o
    0x00000e8e   0x00000e8e   0x00000002   PAD
    0x00000e90   0x00000e90   0x0000000e   Code   RO          125    .text.Tuning_get_ki  tuning.o
    0x00000e9e   0x00000e9e   0x00000002   PAD
    0x00000ea0   0x00000ea0   0x0000000e   Code   RO          123    .text.Tuning_get_kp  tuning.o
    0x00000eae   0x00000eae   0x00000002   PAD
    0x00000eb0   0x00000eb0   0x00000034   Code   RO           56    .text.__NVIC_EnableIRQ  camera.o
    0x00000ee4   0x00000ee4   0x00000030   Code   RO          152    .text.blue_led      leds.o
    0x00000f14   0x00000f14   0x00000028   Code   RO           32    .text.delay         main.o
    0x00000f3c   0x00000f3c   0x00000030   Code   RO          150    .text.green_led     leds.o
    0x00000f6c   0x00000f6c   0x00000122   Code   RO           62    .text.init_ADC0     camera.o
    0x0000108e   0x0000108e   0x00000002   PAD
    0x00001090   0x00001090   0x000000dc   Code   RO           54    .text.init_FTM2     camera.o
    0x0000116c   0x0000116c   0x00000058   Code   RO           60    .text.init_GPIO     camera.o
    0x000011c4   0x000011c4   0x00000064   Code   RO           58    .text.init_PIT      camera.o
    0x00001228   0x00001228   0x00000404   Code   RO           34    .text.main          main.o
    0x0000162c   0x0000162c   0x00000004   PAD
    0x00001630   0x00001630   0x000000b0   Code   RO           36    .text.measure_camera  main.o
    0x000016e0   0x000016e0   0x000000f8   Code   RO          107    .text.pid_iterate   pid.o
    0x000017d8   0x000017d8   0x00000030   Code   RO          148    .text.red_led       leds.o
    0x00001808   0x00001808   0x00000038   Code   RO           21    .text.set_duty_cycle  steering.o
    0x00001840   0x00001840   0x000000ce   Code   RO           84    .text.uart0_init    uart.o
    0x0000190e   0x0000190e   0x00000002   PAD
    0x00001910   0x00001910   0x00000024   Code   RO           90    .text.uart0_put     uart.o
    0x00001934   0x00001934   0x00000030   Code   RO           88    .text.uart0_putchar  uart.o
    0x00001964   0x00001964   0x00000062   Code   RO          207    x$fpl$d2f           fz_wm.l(d2f.o)
    0x000019c6   0x000019c6   0x00000002   PAD
    0x000019c8   0x000019c8   0x00000150   Code   RO          209    x$fpl$dadd          fz_wm.l(daddsub_clz.o)
    0x00001b18   0x00001b18   0x00000018   Code   RO          308    x$fpl$dcmpinf       fz_wm.l(dcmpi.o)
    0x00001b30   0x00001b30   0x000002b0   Code   RO          218    x$fpl$ddiv          fz_wm.l(ddiv.o)
    0x00001de0   0x00001de0   0x00000078   Code   RO          246    x$fpl$deqf          fz_wm.l(deqf.o)
    0x00001e58   0x00001e58   0x00000078   Code   RO          248    x$fpl$dgeqf         fz_wm.l(dgeqf.o)
    0x00001ed0   0x00001ed0   0x00000078   Code   RO          250    x$fpl$dleqf         fz_wm.l(dleqf.o)
    0x00001f48   0x00001f48   0x00000154   Code   RO          221    x$fpl$dmul          fz_wm.l(dmul.o)
    0x0000209c   0x0000209c   0x0000009c   Code   RO          252    x$fpl$dnaninf       fz_wm.l(dnaninf.o)
    0x00002138   0x00002138   0x0000000c   Code   RO          254    x$fpl$dretinf       fz_wm.l(dretinf.o)
    0x00002144   0x00002144   0x000001d4   Code   RO          211    x$fpl$dsub          fz_wm.l(daddsub_clz.o)
    0x00002318   0x00002318   0x00000056   Code   RO          223    x$fpl$f2d           fz_wm.l(f2d.o)
    0x0000236e   0x0000236e   0x00000054   Code   RO          215    x$fpl$fcmp          fz_wm.l(dcmp.o)
    0x000023c2   0x000023c2   0x0000008c   Code   RO          256    x$fpl$fnaninf       fz_wm.l(fnaninf.o)
    0x0000244e   0x0000244e   0x0000001a   Code   RO          634    x$fpl$fpinit        fz_wm.l(fpinit.o)
    0x00002468   0x00002468   0x0000000a   Code   RO          258    x$fpl$fretinf       fz_wm.l(fretinf.o)
    0x00002472   0x00002472   0x00000000   Code   RO          262    x$fpl$usenofp       fz_wm.l(usenofp.o)
    0x00002472   0x00002472   0x00000009   Data   RO           38    .rodata.str1.1      main.o
    0x0000247b   0x0000247b   0x00000001   PAD
    0x0000247c   0x0000247c   0x00000020   Data   RO          762    Region$$Table       anon$$obj.o


    Execution Region ER_RW (Exec base: 0x20000000, Load base: 0x0000249c, Size: 0x00000014, Max: 0xffffffff, ABSOLUTE)

    Exec Addr    Load Addr    Size         Type   Attr      Idx    E Section Name        Object

    0x20000000   0x0000249c   0x00000004   Data   RW           72    .data.debugcamdata  camera.o
    0x20000004   0x000024a0   0x00000004   Data   RW          133    .data.kd            tuning.o
    0x20000008   0x000024a4   0x00000004   Data   RW          132    .data.ki            tuning.o
    0x2000000c   0x000024a8   0x00000004   Data   RW          131    .data.kp            tuning.o
    0x20000010   0x000024ac   0x00000004   Data   RW           70    .data.pixcnt        camera.o


    Execution Region ER_ZI (Exec base: 0x20000018, Load base: 0x000024b0, Size: 0x00000588, Max: 0xffffffff, ABSOLUTE)

    Exec Addr    Load Addr    Size         Type   Attr      Idx    E Section Name        Object

    0x20000018        -       0x00000060   Zero   RW          543    .bss                c_w.l(libspace.o)
    0x20000078        -       0x00000002   Zero   RW           74    .bss.ADC0VAL        camera.o
    0x2000007a   0x000024b0   0x00000002   PAD
    0x2000007c        -       0x00000004   Zero   RW          113    .bss.D              pid.o
    0x20000080        -       0x00000004   Zero   RW          112    .bss.I              pid.o
    0x20000084        -       0x00000004   Zero   RW          111    .bss.P              pid.o
    0x20000088        -       0x00000004   Zero   RW           73    .bss.capcnt         camera.o
    0x2000008c        -       0x00000004   Zero   RW           71    .bss.clkval         camera.o
    0x20000090        -       0x00000100   Zero   RW           75    .bss.line           camera.o
    0x20000190        -       0x00000004   Zero   RW           39    .bss.main.mode      main.o
    0x20000194        -       0x00000004   Zero   RW          109    .bss.pid_iterate.initialized  pid.o
    0x20000198        -       0x00000004   Zero   RW          110    .bss.pid_iterate.last_error  pid.o
    0x2000019c   0x000024b0   0x00000004   PAD
    0x200001a0        -       0x00000000   Zero   RW          176    HEAP                startup_mk64f12.o
    0x200001a0        -       0x00000400   Zero   RW          175    STACK               startup_mk64f12.o


==============================================================================

Image component sizes


      Code (inc. data)   RO Data    RW Data    ZI Data      Debug   Object Name

      1372          8          0          8        266       7204   camera.o
       586          0          0          0          0       3102   drivemotor.o
       480         24          0          0          0       2445   leds.o
      1244         72          9          0          4       1728   main.o
       248          0          0          0         20        745   pid.o
        88         44       1024          0       1024       1124   startup_mk64f12.o
       344         24          0          0          0       2567   steering.o
       228          0          0          0          0       2063   switch.o
       230          0          0          0          0       3354   system_mk64f12.o
        42          0          0         12          0       2057   tuning.o
       290          0          0          0          0       3393   uart.o

    ----------------------------------------------------------------------
      5192        176       1066         20       1320      29782   Object Totals
         0          0         32          0          0          0   (incl. Generated)
        40          4          1          0          6          0   (incl. Padding)

    ----------------------------------------------------------------------

      Code (inc. data)   RO Data    RW Data    ZI Data      Debug   Library Member Name

         8          0          0          0          0         68   __main.o
         0          0          0          0          0          0   __rtentry.o
        12          0          0          0          0          0   __rtentry2.o
         6          0          0          0          0          0   __rtentry4.o
        52          8          0          0          0          0   __scatter.o
        26          0          0          0          0          0   __scatter_copy.o
        28          0          0          0          0          0   __scatter_zi.o
        18          0          0          0          0         80   exit.o
         6          0          0          0          0        152   heapauxi.o
         0          0          0          0          0          0   indicate_semi.o
         2          0          0          0          0          0   libinit.o
         6          0          0          0          0          0   libinit2.o
         2          0          0          0          0          0   libshutdown.o
         2          0          0          0          0          0   libshutdown2.o
         8          4          0          0         96         68   libspace.o
         2          0          0          0          0          0   rtexit.o
        10          0          0          0          0          0   rtexit2.o
        12          4          0          0          0         68   sys_exit.o
        74          0          0          0          0         80   sys_stackheap_outer.o
         2          0          0          0          0         68   use_no_semi.o
        98          4          0          0          0        140   d2f.o
       804         16          0          0          0        376   daddsub_clz.o
        84          0          0          0          0        244   dcmp.o
        24          0          0          0          0        116   dcmpi.o
       688        140          0          0          0        264   ddiv.o
       120          4          0          0          0        140   deqf.o
       120          4          0          0          0        140   dgeqf.o
       120          4          0          0          0        140   dleqf.o
       340         12          0          0          0        152   dmul.o
       156          4          0          0          0        140   dnaninf.o
        12          0          0          0          0        116   dretinf.o
        86          4          0          0          0        132   f2d.o
       140          4          0          0          0        132   fnaninf.o
        26          0          0          0          0        116   fpinit.o
        10          0          0          0          0        116   fretinf.o
         0          0          0          0          0          0   usenofp.o

    ----------------------------------------------------------------------
      3114        212          0          0         96       3048   Library Totals
        10          0          0          0          0          0   (incl. Padding)

    ----------------------------------------------------------------------

      Code (inc. data)   RO Data    RW Data    ZI Data      Debug   Library Name

       276         16          0          0         96        584   c_w.l
      2828        196          0          0          0       2464   fz_wm.l

    ----------------------------------------------------------------------
      3114        212          0          0         96       3048   Library Totals

    ----------------------------------------------------------------------

==============================================================================


      Code (inc. data)   RO Data    RW Data    ZI Data      Debug   

      8306        388       1066         20       1416      31030   Grand Totals
      8306        388       1066         20       1416      31030   ELF Image Totals
      8306        388       1066         20          0          0   ROM Totals

==============================================================================

    Total RO  Size (Code + RO Data)                 9372 (   9.15kB)
    Total RW  Size (RW Data + ZI Data)              1436 (   1.40kB)
    Total ROM Size (Code + RO Data + RW Data)       9392 (   9.17kB)

==============================================================================

